C51 COMPILER V9.60.0.0   ISR                                                               06/09/2021 17:25:21 PAGE 1   


C51 COMPILER V9.60.0.0, COMPILATION OF MODULE ISR
OBJECT MODULE PLACED IN .\Output\isr.obj
COMPILER INVOKED BY: C:\Keil_v5\C51\BIN\C51.EXE Source\isr.c OPTIMIZE(8,SPEED) BROWSE INCDIR(C:\Documents and Settings\p
                    -rku\Desktop\UART Debug\) DEBUG OBJECTEXTEND PRINT(.\Output\isr.lst) TABS(2) OBJECT(.\Output\isr.obj)

line level    source

   1          #include <stdio.h>
   2          #include "fx2.h"
   3          #include "fx2regs.h"
   4          #include "fx2sdly.h"
   5          
   6          
   7          extern WriteByteS0();
   8          extern  transmit();
   9          xdata volatile unsigned char D2ON         _at_ 0x8800;
  10          xdata volatile unsigned char D2OFF        _at_ 0x8000;
  11          unsigned char dut;
  12          static int w;
  13          
  14          
  15          void ISR_USART0(void) interrupt 4
  16            {
  17   1        if (RI) {
  18   2          if ((EP2468STAT & bmEP8EMPTY))   // check if EP8 is empty
  19   2            {
  20   3            RI = 0;
  21   3            EP8FIFOBUF[0] = SBUF0;// copies received data to SBUF0
  22   3            EP8BCH = 0;
  23   3            SYNCDELAY;
  24   3            EP8BCL = 1;
  25   3            SYNCDELAY;
  26   3            dut = D2ON;
  27   3            w ^= 1;
  28   3            if (w) {
  29   4              dut = D2OFF;
  30   4              }
  31   3            }
  32   2          }
  33   1        if (TI) {
  34   2          TI = 0;
  35   2          transmit();
  36   2          }
  37   1        }
  38          


MODULE INFORMATION:   STATIC OVERLAYABLE
   CODE SIZE        =    117    ----
   CONSTANT SIZE    =   ----    ----
   XDATA SIZE       =   ----    ----
   PDATA SIZE       =   ----    ----
   DATA SIZE        =      3    ----
   IDATA SIZE       =   ----    ----
   BIT SIZE         =   ----    ----
END OF MODULE INFORMATION.


C51 COMPILATION COMPLETE.  0 WARNING(S),  0 ERROR(S)
