BL51 BANKED LINKER/LOCATER V6.22.2.0                                                    06/09/2021  17:25:21  PAGE 1


BL51 BANKED LINKER/LOCATER V6.22.2.0, INVOKED BY:
C:\KEIL_V5\C51\BIN\BL51.EXE .\Output\fw.obj, .\Output\isr.obj, .\Output\Virtual.obj, .\Source\USBJmpTb.OBJ, .\Source\EZU
>> SB.LIB, .\Output\DSCR.obj TO .\Output\VirtualCom PRINT (.\Output\VirtualCom.m51) RAMSIZE (256) CODE (0X80) XDATA (0X1
>> 000)


MEMORY MODEL: SMALL


INPUT MODULES INCLUDED:
  .\Output\fw.obj (FW)
  .\Output\isr.obj (ISR)
  .\Output\Virtual.obj (VIRTUAL)
  .\Source\USBJmpTb.OBJ (USBJMPTBL)
  .\Source\EZUSB.LIB (RESUME)
  .\Source\EZUSB.LIB (DISCON)
  .\Source\EZUSB.LIB (EZREGS)
  .\Source\EZUSB.LIB (GET_STRD)
  .\Source\EZUSB.LIB (SUSP)
  .\Source\EZUSB.LIB (DELAY)
  .\Source\EZUSB.LIB (DELAY1MS)
  .\Output\DSCR.obj (DSCR)
  C:\KEIL_V5\C51\LIB\C51S.LIB (?C_STARTUP)
  C:\KEIL_V5\C51\LIB\C51S.LIB (?C?ULCMP)
  C:\KEIL_V5\C51\LIB\C51S.LIB (?C?CCASE)
  C:\KEIL_V5\C51\LIB\C51S.LIB (?C_INIT)


LINK MAP OF MODULE:  .\Output\VirtualCom (FW)


            TYPE    BASE      LENGTH    RELOCATION   SEGMENT NAME
            -----------------------------------------------------

            * * * * * * *   D A T A   M E M O R Y   * * * * * * *
            REG     0000H     0008H     ABSOLUTE     "REG BANK 0"
            DATA    0008H     0012H     UNIT         _DATA_GROUP_
            DATA    001AH     0003H     UNIT         ?DT?ISR
                    001DH     0003H                  *** GAP ***
            BIT     0020H.0   0000H.4   UNIT         ?BI?FW
            BIT     0020H.4   0000H.1   UNIT         _BIT_GROUP_
                    0020H.5   0000H.3                *** GAP ***
            DATA    0021H     0011H     UNIT         ?DT?FW
            DATA    0032H     0010H     UNIT         ?DT?VIRTUAL
            IDATA   0042H     0001H     UNIT         ?STACK

            * * * * * * *  X D A T A   M E M O R Y  * * * * * * *
                    0000H     1000H                  *** GAP ***
            XDATA   1000H     0007H     UNIT         ?XD?FW
                    1007H     6FF9H                  *** GAP ***
            XDATA   8000H     0001H     ABSOLUTE     
                    8001H     07FFH                  *** GAP ***
            XDATA   8800H     0001H     ABSOLUTE     
                    8801H     07FFH                  *** GAP ***
            XDATA   9000H     0001H     ABSOLUTE     
                    9001H     07FFH                  *** GAP ***
            XDATA   9800H     0001H     ABSOLUTE     
                    9801H     17FFH                  *** GAP ***
BL51 BANKED LINKER/LOCATER V6.22.2.0                                                  06/09/2021  17:25:21  PAGE 2


            XDATA   B000H     0001H     ABSOLUTE     
                    B001H     07FFH                  *** GAP ***
            XDATA   B800H     0001H     ABSOLUTE     
                    B801H     2BFFH                  *** GAP ***
            XDATA   E400H     0001H     ABSOLUTE     
                    E401H     007FH                  *** GAP ***
            XDATA   E480H     0001H     ABSOLUTE     
                    E481H     008CH                  *** GAP ***
            XDATA   E50DH     0001H     ABSOLUTE     
                    E50EH     00F2H                  *** GAP ***
            XDATA   E600H     0001H     ABSOLUTE     
            XDATA   E601H     0001H     ABSOLUTE     
            XDATA   E602H     0001H     ABSOLUTE     
            XDATA   E603H     0001H     ABSOLUTE     
            XDATA   E604H     0001H     ABSOLUTE     
            XDATA   E605H     0001H     ABSOLUTE     
            XDATA   E606H     0001H     ABSOLUTE     
            XDATA   E607H     0001H     ABSOLUTE     
            XDATA   E608H     0001H     ABSOLUTE     
            XDATA   E609H     0001H     ABSOLUTE     
            XDATA   E60AH     0001H     ABSOLUTE     
            XDATA   E60BH     0001H     ABSOLUTE     
            XDATA   E60CH     0001H     ABSOLUTE     
                    E60DH     0003H                  *** GAP ***
            XDATA   E610H     0001H     ABSOLUTE     
            XDATA   E611H     0001H     ABSOLUTE     
            XDATA   E612H     0001H     ABSOLUTE     
            XDATA   E613H     0001H     ABSOLUTE     
            XDATA   E614H     0001H     ABSOLUTE     
            XDATA   E615H     0001H     ABSOLUTE     
                    E616H     0002H                  *** GAP ***
            XDATA   E618H     0001H     ABSOLUTE     
            XDATA   E619H     0001H     ABSOLUTE     
            XDATA   E61AH     0001H     ABSOLUTE     
            XDATA   E61BH     0001H     ABSOLUTE     
                    E61CH     0004H                  *** GAP ***
            XDATA   E620H     0001H     ABSOLUTE     
            XDATA   E621H     0001H     ABSOLUTE     
            XDATA   E622H     0001H     ABSOLUTE     
            XDATA   E623H     0001H     ABSOLUTE     
            XDATA   E624H     0001H     ABSOLUTE     
            XDATA   E625H     0001H     ABSOLUTE     
            XDATA   E626H     0001H     ABSOLUTE     
            XDATA   E627H     0001H     ABSOLUTE     
            XDATA   E628H     0001H     ABSOLUTE     
            XDATA   E629H     0001H     ABSOLUTE     
            XDATA   E62AH     0001H     ABSOLUTE     
            XDATA   E62BH     0001H     ABSOLUTE     
            XDATA   E62CH     0001H     ABSOLUTE     
            XDATA   E62DH     0001H     ABSOLUTE     
            XDATA   E62EH     0001H     ABSOLUTE     
            XDATA   E62FH     0001H     ABSOLUTE     
            XDATA   E630H     0001H     ABSOLUTE     
            XDATA   E631H     0001H     ABSOLUTE     
            XDATA   E632H     0001H     ABSOLUTE     
            XDATA   E633H     0001H     ABSOLUTE     
            XDATA   E634H     0001H     ABSOLUTE     
BL51 BANKED LINKER/LOCATER V6.22.2.0                                                  06/09/2021  17:25:21  PAGE 3


            XDATA   E635H     0001H     ABSOLUTE     
            XDATA   E636H     0001H     ABSOLUTE     
            XDATA   E637H     0001H     ABSOLUTE     
                    E638H     0008H                  *** GAP ***
            XDATA   E640H     0001H     ABSOLUTE     
            XDATA   E641H     0001H     ABSOLUTE     
            XDATA   E642H     0001H     ABSOLUTE     
            XDATA   E643H     0001H     ABSOLUTE     
                    E644H     0004H                  *** GAP ***
            XDATA   E648H     0001H     ABSOLUTE     
            XDATA   E649H     0001H     ABSOLUTE     
                    E64AH     0006H                  *** GAP ***
            XDATA   E650H     0001H     ABSOLUTE     
            XDATA   E651H     0001H     ABSOLUTE     
            XDATA   E652H     0001H     ABSOLUTE     
            XDATA   E653H     0001H     ABSOLUTE     
            XDATA   E654H     0001H     ABSOLUTE     
            XDATA   E655H     0001H     ABSOLUTE     
            XDATA   E656H     0001H     ABSOLUTE     
            XDATA   E657H     0001H     ABSOLUTE     
            XDATA   E658H     0001H     ABSOLUTE     
            XDATA   E659H     0001H     ABSOLUTE     
            XDATA   E65AH     0001H     ABSOLUTE     
            XDATA   E65BH     0001H     ABSOLUTE     
            XDATA   E65CH     0001H     ABSOLUTE     
            XDATA   E65DH     0001H     ABSOLUTE     
            XDATA   E65EH     0001H     ABSOLUTE     
            XDATA   E65FH     0001H     ABSOLUTE     
            XDATA   E660H     0001H     ABSOLUTE     
            XDATA   E661H     0001H     ABSOLUTE     
            XDATA   E662H     0001H     ABSOLUTE     
            XDATA   E663H     0001H     ABSOLUTE     
            XDATA   E664H     0001H     ABSOLUTE     
            XDATA   E665H     0001H     ABSOLUTE     
            XDATA   E666H     0001H     ABSOLUTE     
            XDATA   E667H     0001H     ABSOLUTE     
            XDATA   E668H     0001H     ABSOLUTE     
                    E669H     0007H                  *** GAP ***
            XDATA   E670H     0001H     ABSOLUTE     
            XDATA   E671H     0001H     ABSOLUTE     
            XDATA   E672H     0001H     ABSOLUTE     
                    E673H     0005H                  *** GAP ***
            XDATA   E678H     0001H     ABSOLUTE     
            XDATA   E679H     0001H     ABSOLUTE     
            XDATA   E67AH     0001H     ABSOLUTE     
            XDATA   E67BH     0001H     ABSOLUTE     
            XDATA   E67CH     0001H     ABSOLUTE     
            XDATA   E67DH     0001H     ABSOLUTE     
            XDATA   E67EH     0001H     ABSOLUTE     
            XDATA   E67FH     0001H     ABSOLUTE     
            XDATA   E680H     0001H     ABSOLUTE     
            XDATA   E681H     0001H     ABSOLUTE     
            XDATA   E682H     0001H     ABSOLUTE     
            XDATA   E683H     0001H     ABSOLUTE     
            XDATA   E684H     0001H     ABSOLUTE     
            XDATA   E685H     0001H     ABSOLUTE     
            XDATA   E686H     0001H     ABSOLUTE     
BL51 BANKED LINKER/LOCATER V6.22.2.0                                                  06/09/2021  17:25:21  PAGE 4


            XDATA   E687H     0001H     ABSOLUTE     
                    E688H     0002H                  *** GAP ***
            XDATA   E68AH     0001H     ABSOLUTE     
            XDATA   E68BH     0001H     ABSOLUTE     
                    E68CH     0001H                  *** GAP ***
            XDATA   E68DH     0001H     ABSOLUTE     
                    E68EH     0001H                  *** GAP ***
            XDATA   E68FH     0001H     ABSOLUTE     
            XDATA   E690H     0001H     ABSOLUTE     
            XDATA   E691H     0001H     ABSOLUTE     
                    E692H     0002H                  *** GAP ***
            XDATA   E694H     0001H     ABSOLUTE     
            XDATA   E695H     0001H     ABSOLUTE     
                    E696H     0002H                  *** GAP ***
            XDATA   E698H     0001H     ABSOLUTE     
            XDATA   E699H     0001H     ABSOLUTE     
                    E69AH     0002H                  *** GAP ***
            XDATA   E69CH     0001H     ABSOLUTE     
            XDATA   E69DH     0001H     ABSOLUTE     
                    E69EH     0002H                  *** GAP ***
            XDATA   E6A0H     0001H     ABSOLUTE     
            XDATA   E6A1H     0001H     ABSOLUTE     
            XDATA   E6A2H     0001H     ABSOLUTE     
            XDATA   E6A3H     0001H     ABSOLUTE     
            XDATA   E6A4H     0001H     ABSOLUTE     
            XDATA   E6A5H     0001H     ABSOLUTE     
            XDATA   E6A6H     0001H     ABSOLUTE     
            XDATA   E6A7H     0001H     ABSOLUTE     
            XDATA   E6A8H     0001H     ABSOLUTE     
            XDATA   E6A9H     0001H     ABSOLUTE     
            XDATA   E6AAH     0001H     ABSOLUTE     
            XDATA   E6ABH     0001H     ABSOLUTE     
            XDATA   E6ACH     0001H     ABSOLUTE     
            XDATA   E6ADH     0001H     ABSOLUTE     
            XDATA   E6AEH     0001H     ABSOLUTE     
            XDATA   E6AFH     0001H     ABSOLUTE     
            XDATA   E6B0H     0001H     ABSOLUTE     
            XDATA   E6B1H     0001H     ABSOLUTE     
            XDATA   E6B2H     0001H     ABSOLUTE     
            XDATA   E6B3H     0001H     ABSOLUTE     
            XDATA   E6B4H     0001H     ABSOLUTE     
            XDATA   E6B5H     0001H     ABSOLUTE     
                    E6B6H     0002H                  *** GAP ***
            XDATA   E6B8H     0008H     ABSOLUTE     
            XDATA   E6C0H     0001H     ABSOLUTE     
            XDATA   E6C1H     0001H     ABSOLUTE     
            XDATA   E6C2H     0001H     ABSOLUTE     
            XDATA   E6C3H     0001H     ABSOLUTE     
            XDATA   E6C4H     0001H     ABSOLUTE     
            XDATA   E6C5H     0001H     ABSOLUTE     
            XDATA   E6C6H     0001H     ABSOLUTE     
            XDATA   E6C7H     0001H     ABSOLUTE     
            XDATA   E6C8H     0001H     ABSOLUTE     
            XDATA   E6C9H     0001H     ABSOLUTE     
            XDATA   E6CAH     0001H     ABSOLUTE     
            XDATA   E6CBH     0001H     ABSOLUTE     
            XDATA   E6CCH     0001H     ABSOLUTE     
BL51 BANKED LINKER/LOCATER V6.22.2.0                                                  06/09/2021  17:25:21  PAGE 5


            XDATA   E6CDH     0001H     ABSOLUTE     
            XDATA   E6CEH     0001H     ABSOLUTE     
            XDATA   E6CFH     0001H     ABSOLUTE     
            XDATA   E6D0H     0001H     ABSOLUTE     
            XDATA   E6D1H     0001H     ABSOLUTE     
            XDATA   E6D2H     0001H     ABSOLUTE     
            XDATA   E6D3H     0001H     ABSOLUTE     
            XDATA   E6D4H     0001H     ABSOLUTE     
                    E6D5H     0005H                  *** GAP ***
            XDATA   E6DAH     0001H     ABSOLUTE     
            XDATA   E6DBH     0001H     ABSOLUTE     
            XDATA   E6DCH     0001H     ABSOLUTE     
                    E6DDH     0005H                  *** GAP ***
            XDATA   E6E2H     0001H     ABSOLUTE     
            XDATA   E6E3H     0001H     ABSOLUTE     
            XDATA   E6E4H     0001H     ABSOLUTE     
                    E6E5H     0005H                  *** GAP ***
            XDATA   E6EAH     0001H     ABSOLUTE     
            XDATA   E6EBH     0001H     ABSOLUTE     
            XDATA   E6ECH     0001H     ABSOLUTE     
                    E6EDH     0003H                  *** GAP ***
            XDATA   E6F0H     0001H     ABSOLUTE     
            XDATA   E6F1H     0001H     ABSOLUTE     
            XDATA   E6F2H     0001H     ABSOLUTE     
            XDATA   E6F3H     0001H     ABSOLUTE     
            XDATA   E6F4H     0001H     ABSOLUTE     
            XDATA   E6F5H     0001H     ABSOLUTE     
                    E6F6H     0002H                  *** GAP ***
            XDATA   E6F8H     0001H     ABSOLUTE     
            XDATA   E6F9H     0001H     ABSOLUTE     
            XDATA   E6FAH     0001H     ABSOLUTE     
            XDATA   E6FBH     0001H     ABSOLUTE     
            XDATA   E6FCH     0001H     ABSOLUTE     
            XDATA   E6FDH     0001H     ABSOLUTE     
            XDATA   E6FEH     0001H     ABSOLUTE     
                    E6FFH     0041H                  *** GAP ***
            XDATA   E740H     0040H     ABSOLUTE     
            XDATA   E780H     0040H     ABSOLUTE     
            XDATA   E7C0H     0040H     ABSOLUTE     
                    E800H     0800H                  *** GAP ***
            XDATA   F000H     0400H     ABSOLUTE     
            XDATA   F400H     0400H     ABSOLUTE     
            XDATA   F800H     0400H     ABSOLUTE     
            XDATA   FC00H     0400H     ABSOLUTE     

            * * * * * * *   C O D E   M E M O R Y   * * * * * * *
            CODE    0000H     0003H     ABSOLUTE     
                    0003H     0020H                  *** GAP ***
            CODE    0023H     0003H     ABSOLUTE     
                    0026H     000DH                  *** GAP ***
            CODE    0033H     0003H     ABSOLUTE     
                    0036H     000DH                  *** GAP ***
            CODE    0043H     0003H     ABSOLUTE     
                    0046H     000DH                  *** GAP ***
            CODE    0053H     0003H     ABSOLUTE     
                    0056H     002AH                  *** GAP ***
            CODE    0080H     0213H     UNIT         ?PR?SETUPCOMMAND?FW
BL51 BANKED LINKER/LOCATER V6.22.2.0                                                  06/09/2021  17:25:21  PAGE 6


            CODE    0293H     01C3H     UNIT         ?PR?MAIN?FW
            CODE    0456H     008CH     UNIT         ?PR?TD_INIT?VIRTUAL
            CODE    04E2H     0018H     UNIT         ?PR?ISR_SUDAV?VIRTUAL
            CODE    04FAH     0004H     UNIT         ?PR?RESUME_ISR?FW
            CODE    04FEH     0002H     UNIT         ?PR?TD_SUSPEND?VIRTUAL
            CODE    0500H     00F0H     PAGE         DSCR
            CODE    05F0H     000BH     UNIT         ?C_INITSEG
            CODE    05FBH     0002H     UNIT         ?PR?TD_RESUME?VIRTUAL
            CODE    05FDH     0002H     UNIT         ?PR?DR_GETDESCRIPTOR?VIRTUAL
            CODE    05FFH     0001H     UNIT         ?PR?ISR_EP0ACK?VIRTUAL
            CODE    0600H     00B8H     PAGE         ?PR?USB_JUMP_TABLE?USBJT
            CODE    06B8H     00AEH     UNIT         ?PR?SERIAL0INIT?VIRTUAL
            CODE    0766H     008CH     UNIT         ?C_C51STARTUP
            CODE    07F2H     0075H     UNIT         ?PR?ISR_USART0?ISR
            CODE    0867H     0061H     UNIT         ?PR?TRANSMIT?VIRTUAL
            CODE    08C8H     0046H     UNIT         ?PR?_EZUSB_DELAY?DELAY
            CODE    090EH     0043H     UNIT         ?PR?ISR_EP1OUT?VIRTUAL
            CODE    0951H     0037H     UNIT         ?PR?ISR_URES?VIRTUAL
            CODE    0988H     0037H     UNIT         ?PR?ISR_HIGHSPEED?VIRTUAL
            CODE    09BFH     0037H     UNIT         ?C?LIB_CODE
            CODE    09F6H     002FH     UNIT         ?PR?EZUSB_DISCON?DISCON
            CODE    0A25H     002CH     UNIT         ?PR?TD_POLL?VIRTUAL
            CODE    0A51H     002CH     UNIT         ?PR?EZUSB_RESUME?RESUME
            CODE    0A7DH     002BH     UNIT         ?PR?_EZUSB_GETSTRINGDSCR?GET_STRD
            CODE    0AA8H     0025H     UNIT         EZUSB
            CODE    0ACDH     0018H     UNIT         ?PR?ISR_SUSP?VIRTUAL
            CODE    0AE5H     0016H     UNIT         ?PR?ISR_SUTOK?VIRTUAL
            CODE    0AFBH     0016H     UNIT         ?PR?ISR_SOF?VIRTUAL
            CODE    0B11H     0012H     UNIT         ?PR?DR_GETCONFIGURATION?VIRTUAL
            CODE    0B23H     0012H     UNIT         ?PR?DR_GETINTERFACE?VIRTUAL
            CODE    0B35H     0008H     UNIT         ?PR?DR_SETCONFIGURATION?VIRTUAL
            CODE    0B3DH     0008H     UNIT         ?PR?DR_SETINTERFACE?VIRTUAL
            CODE    0B45H     0002H     UNIT         ?PR?DR_GETSTATUS?VIRTUAL
            CODE    0B47H     0002H     UNIT         ?PR?DR_CLEARFEATURE?VIRTUAL
            CODE    0B49H     0002H     UNIT         ?PR?DR_SETFEATURE?VIRTUAL
            CODE    0B4BH     0002H     UNIT         ?PR?DR_VENDORCMND?VIRTUAL
            CODE    0B4DH     0001H     UNIT         ?PR?ISR_STUB?VIRTUAL
            CODE    0B4EH     0001H     UNIT         ?PR?ISR_EP0IN?VIRTUAL
            CODE    0B4FH     0001H     UNIT         ?PR?ISR_EP0OUT?VIRTUAL
            CODE    0B50H     0001H     UNIT         ?PR?ISR_EP1IN?VIRTUAL
            CODE    0B51H     0001H     UNIT         ?PR?ISR_EP2INOUT?VIRTUAL
            CODE    0B52H     0001H     UNIT         ?PR?ISR_EP4INOUT?VIRTUAL
            CODE    0B53H     0001H     UNIT         ?PR?ISR_EP6INOUT?VIRTUAL
            CODE    0B54H     0001H     UNIT         ?PR?ISR_EP8INOUT?VIRTUAL
            CODE    0B55H     0001H     UNIT         ?PR?ISR_IBN?VIRTUAL
            CODE    0B56H     0001H     UNIT         ?PR?ISR_EP0PINGNAK?VIRTUAL
            CODE    0B57H     0001H     UNIT         ?PR?ISR_EP1PINGNAK?VIRTUAL
            CODE    0B58H     0001H     UNIT         ?PR?ISR_EP2PINGNAK?VIRTUAL
            CODE    0B59H     0001H     UNIT         ?PR?ISR_EP4PINGNAK?VIRTUAL
            CODE    0B5AH     0001H     UNIT         ?PR?ISR_EP6PINGNAK?VIRTUAL
            CODE    0B5BH     0001H     UNIT         ?PR?ISR_EP8PINGNAK?VIRTUAL
            CODE    0B5CH     0001H     UNIT         ?PR?ISR_ERRORLIMIT?VIRTUAL
            CODE    0B5DH     0001H     UNIT         ?PR?ISR_EP2PIDERROR?VIRTUAL
            CODE    0B5EH     0001H     UNIT         ?PR?ISR_EP4PIDERROR?VIRTUAL
            CODE    0B5FH     0001H     UNIT         ?PR?ISR_EP6PIDERROR?VIRTUAL
            CODE    0B60H     0001H     UNIT         ?PR?ISR_EP8PIDERROR?VIRTUAL
            CODE    0B61H     0001H     UNIT         ?PR?ISR_EP2PFLAG?VIRTUAL
BL51 BANKED LINKER/LOCATER V6.22.2.0                                                  06/09/2021  17:25:21  PAGE 7


            CODE    0B62H     0001H     UNIT         ?PR?ISR_EP4PFLAG?VIRTUAL
            CODE    0B63H     0001H     UNIT         ?PR?ISR_EP6PFLAG?VIRTUAL
            CODE    0B64H     0001H     UNIT         ?PR?ISR_EP8PFLAG?VIRTUAL
            CODE    0B65H     0001H     UNIT         ?PR?ISR_EP2EFLAG?VIRTUAL
            CODE    0B66H     0001H     UNIT         ?PR?ISR_EP4EFLAG?VIRTUAL
            CODE    0B67H     0001H     UNIT         ?PR?ISR_EP6EFLAG?VIRTUAL
            CODE    0B68H     0001H     UNIT         ?PR?ISR_EP8EFLAG?VIRTUAL
            CODE    0B69H     0001H     UNIT         ?PR?ISR_EP2FFLAG?VIRTUAL
            CODE    0B6AH     0001H     UNIT         ?PR?ISR_EP4FFLAG?VIRTUAL
            CODE    0B6BH     0001H     UNIT         ?PR?ISR_EP6FFLAG?VIRTUAL
            CODE    0B6CH     0001H     UNIT         ?PR?ISR_EP8FFLAG?VIRTUAL
            CODE    0B6DH     0001H     UNIT         ?PR?ISR_GPIFCOMPLETE?VIRTUAL
            CODE    0B6EH     0001H     UNIT         ?PR?ISR_GPIFWAVEFORM?VIRTUAL



OVERLAY MAP OF MODULE:   .\Output\VirtualCom (FW)


SEGMENT                                      BIT_GROUP          DATA_GROUP 
  +--> CALLED SEGMENT                     START    LENGTH     START    LENGTH
-----------------------------------------------------------------------------
?PR?ISR_USART0?ISR                        -----    -----      -----    -----
  +--> ?PR?TRANSMIT?VIRTUAL

*** NEW ROOT ***************************************************

?C_C51STARTUP                             -----    -----      -----    -----
  +--> ?PR?MAIN?FW
  +--> ?C_INITSEG

?PR?MAIN?FW                               -----    -----      0008H    0010H
  +--> ?PR?TD_INIT?VIRTUAL
  +--> ?PR?EZUSB_DISCON?DISCON
  +--> ?PR?SETUPCOMMAND?FW
  +--> ?PR?TD_SUSPEND?VIRTUAL
  +--> ?PR?EZUSB_RESUME?RESUME
  +--> ?PR?TD_RESUME?VIRTUAL
  +--> ?PR?TD_POLL?VIRTUAL

?PR?TD_INIT?VIRTUAL                       -----    -----      -----    -----
  +--> ?PR?SERIAL0INIT?VIRTUAL

?PR?EZUSB_DISCON?DISCON                   0020H.4  0000H.1    -----    -----
  +--> ?PR?_EZUSB_DELAY?DELAY

?PR?_EZUSB_DELAY?DELAY                    -----    -----      0018H    0002H

?PR?SETUPCOMMAND?FW                       -----    -----      -----    -----
  +--> ?PR?SERIAL0INIT?VIRTUAL
  +--> ?PR?DR_GETDESCRIPTOR?VIRTUAL
  +--> ?PR?_EZUSB_GETSTRINGDSCR?GET_STRD
  +--> ?PR?DR_GETINTERFACE?VIRTUAL
  +--> ?PR?DR_SETINTERFACE?VIRTUAL
  +--> ?PR?DR_SETCONFIGURATION?VIRTUAL
  +--> ?PR?DR_GETCONFIGURATION?VIRTUAL
  +--> ?PR?DR_GETSTATUS?VIRTUAL
BL51 BANKED LINKER/LOCATER V6.22.2.0                                                  06/09/2021  17:25:21  PAGE 8


  +--> ?PR?DR_CLEARFEATURE?VIRTUAL
  +--> ?PR?DR_SETFEATURE?VIRTUAL
  +--> ?PR?DR_VENDORCMND?VIRTUAL

?PR?EZUSB_RESUME?RESUME                   -----    -----      -----    -----
  +--> ?PR?_EZUSB_DELAY?DELAY



SYMBOL TABLE OF MODULE:  .\Output\VirtualCom (FW)

  VALUE           TYPE          NAME
  ----------------------------------

  -------         MODULE        FW
  C:0000H         SYMBOL        _ICE_DUMMY_
  B:00A8H.7       PUBLIC        EA
  X:1000H         PUBLIC        LineCode
  B:0020H.0       PUBLIC        Rwuen
  B:0020H.1       PUBLIC        GotSUD
  D:0021H         PUBLIC        Len
  C:0293H         PUBLIC        main
  B:00E8H.0       PUBLIC        EUSB
  C:04FAH         PUBLIC        resume_isr
  D:0022H         PUBLIC        pHighSpeedConfigDscr
  D:0024H         PUBLIC        pDeviceDscr
  C:0080H         PUBLIC        SetupCommand
  D:0026H         PUBLIC        pConfigDscr
  D:0028H         PUBLIC        pOtherConfigDscr
  D:002AH         PUBLIC        pFullSpeedConfigDscr
  B:0020H.2       PUBLIC        Selfpwr
  D:002CH         PUBLIC        i
  D:002EH         PUBLIC        pDeviceQualDscr
  D:00D8H         PUBLIC        EICON
  D:008EH         PUBLIC        CKCON
  D:0030H         PUBLIC        pStringDscr
  B:0020H.3       PUBLIC        Sleep
  -------         PROC          MAIN
  -------         DO            
  D:0008H         SYMBOL        i
  D:0006H         SYMBOL        offset
  D:000CH         SYMBOL        DevDescrLen
  D:0010H         SYMBOL        j
  D:0014H         SYMBOL        IntDescrAddr
  D:0016H         SYMBOL        ExtDescrAddr
  -------         ENDDO         
  C:0293H         LINE#         71
  C:0293H         LINE#         75
  C:029CH         LINE#         80
  C:029EH         LINE#         81
  C:02A0H         LINE#         82
  C:02A2H         LINE#         83
  C:02A4H         LINE#         86
  C:02A7H         LINE#         94
  C:02AFH         LINE#         95
  C:02B5H         LINE#         96
  C:02BBH         LINE#         97
BL51 BANKED LINKER/LOCATER V6.22.2.0                                                  06/09/2021  17:25:21  PAGE 9


  C:02C1H         LINE#         98
  C:02C7H         LINE#         100
  C:02CEH         LINE#         101
  C:02D4H         LINE#         102
  C:02DAH         LINE#         103
  C:02DCH         LINE#         104
  C:02DCH         LINE#         105
  C:02E2H         LINE#         106
  C:02E8H         LINE#         107
  C:02E8H         LINE#         109
  C:02F0H         LINE#         110
  C:02F6H         LINE#         111
  C:02FEH         LINE#         112
  C:0316H         LINE#         113
  C:0334H         LINE#         114
  C:035AH         LINE#         115
  C:0379H         LINE#         116
  C:03ACH         LINE#         117
  C:03B2H         LINE#         118
  C:03BCH         LINE#         119
  C:03C7H         LINE#         120
  C:03D2H         LINE#         121
  C:03DDH         LINE#         122
  C:03E8H         LINE#         123
  C:03F3H         LINE#         124
  C:03FEH         LINE#         125
  C:03FEH         LINE#         127
  C:0400H         LINE#         128
  C:0403H         LINE#         130
  C:040AH         LINE#         132
  C:0411H         LINE#         133
  C:0413H         LINE#         137
  C:0418H         LINE#         140
  C:041BH         LINE#         143
  C:041DH         LINE#         146
  C:041DH         LINE#         147
  C:041DH         LINE#         148
  C:0420H         LINE#         149
  C:0420H         LINE#         150
  C:0423H         LINE#         151
  C:0425H         LINE#         152
  C:0425H         LINE#         159
  C:0428H         LINE#         160
  C:042DH         LINE#         161
  C:042FH         LINE#         162
  C:042FH         LINE#         163
  C:0432H         LINE#         164
  C:0432H         LINE#         165
  C:044BH         LINE#         170
  C:044EH         LINE#         171
  C:0451H         LINE#         172
  C:0451H         LINE#         173
  C:0451H         LINE#         174
  C:0454H         LINE#         175
  -------         ENDPROC       MAIN
  -------         PROC          SETUPCOMMAND
  -------         DO            
BL51 BANKED LINKER/LOCATER V6.22.2.0                                                  06/09/2021  17:25:21  PAGE 10


  D:0001H         SYMBOL        dscr_ptr
  -------         ENDDO         
  C:0080H         LINE#         179
  C:0080H         LINE#         182
  C:00ACH         LINE#         185
  C:00ACH         LINE#         187
  C:00AFH         LINE#         188
  C:00B1H         LINE#         189
  C:00B7H         LINE#         190
  C:00BCH         LINE#         191
  C:00C0H         LINE#         192
  C:00C2H         LINE#         194
  C:00C9H         LINE#         195
  C:00CCH         LINE#         196
  C:00DEH         LINE#         197
  C:0104H         LINE#         198
  C:0107H         LINE#         199
  C:010AH         LINE#         202
  C:010AH         LINE#         204
  C:0110H         LINE#         205
  C:0113H         LINE#         206
  C:0125H         LINE#         207
  C:014BH         LINE#         209
  C:0150H         LINE#         210
  C:0153H         LINE#         211
  C:0159H         LINE#         212
  C:015CH         LINE#         213
  C:0163H         LINE#         214
  C:0168H         LINE#         215
  C:016BH         LINE#         217
  C:016BH         LINE#         218
  C:016BH         LINE#         221
  C:016BH         LINE#         223
  C:0171H         LINE#         224
  C:0179H         LINE#         225
  C:018FH         LINE#         226
  C:018FH         LINE#         227
  C:0195H         LINE#         228
  C:0197H         LINE#         229
  C:0199H         LINE#         230
  C:0199H         LINE#         231
  C:019FH         LINE#         232
  C:01A1H         LINE#         233
  C:01A3H         LINE#         234
  C:01A3H         LINE#         235
  C:01A9H         LINE#         236
  C:01ABH         LINE#         237
  C:01ADH         LINE#         238
  C:01ADH         LINE#         240
  C:01B3H         LINE#         241
  C:01B5H         LINE#         242
  C:01B7H         LINE#         243
  C:01B7H         LINE#         244
  C:01CAH         LINE#         245
  C:01CFH         LINE#         246
  C:01D4H         LINE#         247
  C:01D7H         LINE#         251
BL51 BANKED LINKER/LOCATER V6.22.2.0                                                  06/09/2021  17:25:21  PAGE 11


  C:01D7H         LINE#         252
  C:01D7H         LINE#         253
  C:01D7H         LINE#         254
  C:01DAH         LINE#         255
  C:01DAH         LINE#         256
  C:01DDH         LINE#         257
  C:01E0H         LINE#         258
  C:01E0H         LINE#         259
  C:01E3H         LINE#         260
  C:01E6H         LINE#         261
  C:01E6H         LINE#         262
  C:01E9H         LINE#         263
  C:01ECH         LINE#         264
  C:01ECH         LINE#         265
  C:01EFH         LINE#         266
  C:01F2H         LINE#         267
  C:01F2H         LINE#         268
  C:01FAH         LINE#         269
  C:0209H         LINE#         270
  C:0209H         LINE#         271
  C:0219H         LINE#         272
  C:021AH         LINE#         273
  C:021AH         LINE#         274
  C:021AH         LINE#         275
  C:021CH         LINE#         276
  C:021CH         LINE#         277
  C:0221H         LINE#         278
  C:0222H         LINE#         279
  C:0222H         LINE#         280
  C:0222H         LINE#         281
  C:0224H         LINE#         282
  C:0224H         LINE#         285
  C:0229H         LINE#         286
  C:022DH         LINE#         287
  C:0233H         LINE#         288
  C:0235H         LINE#         289
  C:0235H         LINE#         290
  C:0235H         LINE#         291
  C:0235H         LINE#         292
  C:0237H         LINE#         293
  C:0237H         LINE#         294
  C:023CH         LINE#         295
  C:0248H         LINE#         296
  C:0248H         LINE#         297
  C:0250H         LINE#         298
  C:0254H         LINE#         300
  C:0254H         LINE#         301
  C:0256H         LINE#         302
  C:0256H         LINE#         303
  C:025CH         LINE#         306
  C:025CH         LINE#         308
  C:025CH         LINE#         309
  C:025EH         LINE#         310
  C:025EH         LINE#         311
  C:025EH         LINE#         312
  C:025EH         LINE#         313
  C:0263H         LINE#         314
BL51 BANKED LINKER/LOCATER V6.22.2.0                                                  06/09/2021  17:25:21  PAGE 12


  C:026FH         LINE#         315
  C:026FH         LINE#         316
  C:0277H         LINE#         317
  C:027BH         LINE#         319
  C:027BH         LINE#         320
  C:027DH         LINE#         321
  C:027DH         LINE#         325
  C:027DH         LINE#         326
  C:027FH         LINE#         327
  C:027FH         LINE#         328
  C:027FH         LINE#         329
  C:027FH         LINE#         330
  C:0284H         LINE#         331
  C:028BH         LINE#         332
  C:028BH         LINE#         339
  C:0292H         LINE#         340
  -------         ENDPROC       SETUPCOMMAND
  -------         PROC          RESUME_ISR
  C:04FAH         LINE#         343
  C:04FAH         LINE#         344
  C:04FDH         LINE#         345
  -------         ENDPROC       RESUME_ISR
  -------         ENDMOD        FW

  -------         MODULE        ISR
  C:0000H         SYMBOL        _ICE_DUMMY_
  C:07F2H         PUBLIC        ISR_USART0
  X:8800H         PUBLIC        D2ON
  B:0098H.0       PUBLIC        RI
  B:0098H.1       PUBLIC        TI
  D:00AAH         PUBLIC        EP2468STAT
  D:001AH         PUBLIC        dut
  X:8000H         PUBLIC        D2OFF
  D:0099H         PUBLIC        SBUF0
  D:001BH         SYMBOL        w
  -------         PROC          ISR_USART0
  C:07F2H         LINE#         15
  C:080FH         LINE#         17
  C:0812H         LINE#         18
  C:0817H         LINE#         19
  C:0817H         LINE#         20
  C:0819H         LINE#         21
  C:081FH         LINE#         22
  C:0824H         LINE#         23
  C:0827H         LINE#         24
  C:082CH         LINE#         25
  C:082FH         LINE#         26
  C:0835H         LINE#         27
  C:0838H         LINE#         28
  C:083EH         LINE#         29
  C:0844H         LINE#         30
  C:0844H         LINE#         31
  C:0844H         LINE#         32
  C:0844H         LINE#         33
  C:0847H         LINE#         34
  C:0849H         LINE#         35
  C:084CH         LINE#         36
BL51 BANKED LINKER/LOCATER V6.22.2.0                                                  06/09/2021  17:25:21  PAGE 13


  C:084CH         LINE#         37
  -------         ENDPROC       ISR_USART0
  -------         ENDMOD        ISR

  -------         MODULE        VIRTUAL
  C:0000H         SYMBOL        _ICE_DUMMY_
  C:0B5CH         PUBLIC        ISR_Errorlimit
  B:00A8H.7       PUBLIC        EA
  C:0B35H         PUBLIC        DR_SetConfiguration
  D:0032H         PUBLIC        AlternateSetting
  C:0B4EH         PUBLIC        ISR_Ep0in
  D:00A8H         PUBLIC        IE
  C:0B50H         PUBLIC        ISR_Ep1in
  C:0456H         PUBLIC        TD_Init
  C:0B4FH         PUBLIC        ISR_Ep0out
  C:090EH         PUBLIC        ISR_Ep1out
  D:0033H         PUBLIC        RxByte0
  C:0A25H         PUBLIC        TD_Poll
  D:0034H         PUBLIC        RxByte1
  D:0035H         PUBLIC        TxByte0
  D:0036H         PUBLIC        TxByte1
  X:9800H         PUBLIC        D3ON
  C:0B6DH         PUBLIC        ISR_GpifComplete
  X:B800H         PUBLIC        D5ON
  B:0098H.0       PUBLIC        RI
  B:0098H.1       PUBLIC        TI
  C:0B45H         PUBLIC        DR_GetStatus
  D:00CBH         PUBLIC        RCAP2H
  C:0B56H         PUBLIC        ISR_Ep0pingnak
  C:0B57H         PUBLIC        ISR_Ep1pingnak
  C:0B6EH         PUBLIC        ISR_GpifWaveform
  C:0B5DH         PUBLIC        ISR_Ep2piderror
  C:0B58H         PUBLIC        ISR_Ep2pingnak
  D:00CAH         PUBLIC        RCAP2L
  C:0B5EH         PUBLIC        ISR_Ep4piderror
  C:0B59H         PUBLIC        ISR_Ep4pingnak
  C:0B5FH         PUBLIC        ISR_Ep6piderror
  C:0B5AH         PUBLIC        ISR_Ep6pingnak
  C:0B60H         PUBLIC        ISR_Ep8piderror
  C:0B5BH         PUBLIC        ISR_Ep8pingnak
  C:06B8H         PUBLIC        Serial0Init
  D:0091H         PUBLIC        EXIF
  C:0B23H         PUBLIC        DR_GetInterface
  C:0B47H         PUBLIC        DR_ClearFeature
  D:0037H         SYMBOL        bcl
  C:0B65H         PUBLIC        ISR_Ep2eflag
  C:0B69H         PUBLIC        ISR_Ep2fflag
  C:0B66H         PUBLIC        ISR_Ep4eflag
  C:0B3DH         PUBLIC        DR_SetInterface
  C:0B6AH         PUBLIC        ISR_Ep4fflag
  C:0B67H         PUBLIC        ISR_Ep6eflag
  C:0B6BH         PUBLIC        ISR_Ep6fflag
  C:05FDH         PUBLIC        DR_GetDescriptor
  C:0B68H         PUBLIC        ISR_Ep8eflag
  C:0B6CH         PUBLIC        ISR_Ep8fflag
  C:0B61H         PUBLIC        ISR_Ep2pflag
  D:0039H         PUBLIC        duk
BL51 BANKED LINKER/LOCATER V6.22.2.0                                                  06/09/2021  17:25:21  PAGE 14


  D:00AFH         PUBLIC        AUTOPTRSETUP
  C:0B62H         PUBLIC        ISR_Ep4pflag
  D:003AH         PUBLIC        dum
  B:00A8H.4       PUBLIC        ES0
  C:0B63H         PUBLIC        ISR_Ep6pflag
  C:0B64H         PUBLIC        ISR_Ep8pflag
  D:00CDH         PUBLIC        TH2
  D:00CCH         PUBLIC        TL2
  X:9000H         PUBLIC        D3OFF
  B:00B8H.4       PUBLIC        PS0
  C:04E2H         PUBLIC        ISR_Sudav
  X:B000H         PUBLIC        D5OFF
  D:00B2H         PUBLIC        OEA
  D:0080H         PUBLIC        IOA
  C:04FEH         PUBLIC        TD_Suspend
  D:003BH         PUBLIC        Configuration
  D:0099H         PUBLIC        SBUF0
  D:0098H         PUBLIC        SCON0
  C:05FFH         PUBLIC        ISR_Ep0ack
  C:0988H         PUBLIC        ISR_Highspeed
  D:00C8H         PUBLIC        T2CON
  C:0AE5H         PUBLIC        ISR_Sutok
  D:003CH         SYMBOL        i
  C:0B55H         PUBLIC        ISR_Ibn
  C:0B51H         PUBLIC        ISR_Ep2inout
  C:0B52H         PUBLIC        ISR_Ep4inout
  C:0B4BH         PUBLIC        DR_VendorCmnd
  C:05FBH         PUBLIC        TD_Resume
  C:0B53H         PUBLIC        ISR_Ep6inout
  C:0B4DH         PUBLIC        ISR_Stub
  C:0B54H         PUBLIC        ISR_Ep8inout
  C:0951H         PUBLIC        ISR_Ures
  C:0B49H         PUBLIC        DR_SetFeature
  C:0867H         PUBLIC        transmit
  D:003EH         SYMBOL        x
  C:0AFBH         PUBLIC        ISR_Sof
  D:0040H         SYMBOL        z
  C:0B11H         PUBLIC        DR_GetConfiguration
  C:0ACDH         PUBLIC        ISR_Susp
  -------         PROC          TRANSMIT
  C:0867H         LINE#         47
  C:0867H         LINE#         48
  C:0867H         LINE#         49
  C:086EH         LINE#         50
  C:0871H         LINE#         51
  C:0882H         LINE#         52
  C:0891H         LINE#         53
  C:08A0H         LINE#         54
  C:08A8H         LINE#         55
  C:08AEH         LINE#         56
  C:08B1H         LINE#         57
  C:08B7H         LINE#         58
  C:08BDH         LINE#         59
  C:08C0H         LINE#         60
  C:08C0H         LINE#         61
  C:08C1H         LINE#         62
  C:08C1H         LINE#         63
BL51 BANKED LINKER/LOCATER V6.22.2.0                                                  06/09/2021  17:25:21  PAGE 15


  C:08C7H         LINE#         64
  C:08C7H         LINE#         65
  C:08C7H         LINE#         66
  -------         ENDPROC       TRANSMIT
  -------         PROC          SERIAL0INIT
  C:06B8H         LINE#         69
  C:06B8H         LINE#         70
  C:06B8H         LINE#         72
  C:06BBH         LINE#         73
  C:06BEH         LINE#         75
  C:06CFH         LINE#         77
  C:06CFH         LINE#         78
  C:06D2H         LINE#         79
  C:06D5H         LINE#         80
  C:06D8H         LINE#         81
  C:06E6H         LINE#         83
  C:06E6H         LINE#         84
  C:06E9H         LINE#         85
  C:06ECH         LINE#         86
  C:06EEH         LINE#         87
  C:06FCH         LINE#         89
  C:06FCH         LINE#         90
  C:06FFH         LINE#         91
  C:0702H         LINE#         92
  C:0704H         LINE#         93
  C:0713H         LINE#         95
  C:0713H         LINE#         96
  C:0716H         LINE#         97
  C:0719H         LINE#         98
  C:071BH         LINE#         99
  C:0729H         LINE#         101
  C:0729H         LINE#         102
  C:072CH         LINE#         103
  C:072FH         LINE#         104
  C:0731H         LINE#         105
  C:073DH         LINE#         107
  C:073DH         LINE#         108
  C:0740H         LINE#         109
  C:0743H         LINE#         110
  C:0745H         LINE#         111
  C:0751H         LINE#         113
  C:0751H         LINE#         114
  C:0754H         LINE#         115
  C:0757H         LINE#         116
  C:0759H         LINE#         120
  C:0759H         LINE#         121
  C:075CH         LINE#         122
  C:075FH         LINE#         123
  C:075FH         LINE#         125
  C:0762H         LINE#         126
  C:0765H         LINE#         127
  -------         ENDPROC       SERIAL0INIT
  -------         PROC          TD_INIT
  C:0456H         LINE#         132
  C:0456H         LINE#         133
  C:0456H         LINE#         135
  C:045FH         LINE#         138
BL51 BANKED LINKER/LOCATER V6.22.2.0                                                  06/09/2021  17:25:21  PAGE 16


  C:0466H         LINE#         139
  C:0469H         LINE#         140
  C:046FH         LINE#         141
  C:0472H         LINE#         144
  C:0478H         LINE#         145
  C:047BH         LINE#         146
  C:047EH         LINE#         147
  C:0481H         LINE#         148
  C:0483H         LINE#         149
  C:0486H         LINE#         152
  C:048CH         LINE#         153
  C:048FH         LINE#         154
  C:0495H         LINE#         155
  C:0498H         LINE#         156
  C:049EH         LINE#         157
  C:04A1H         LINE#         158
  C:04A5H         LINE#         159
  C:04A8H         LINE#         160
  C:04ACH         LINE#         161
  C:04AFH         LINE#         166
  C:04B5H         LINE#         167
  C:04B8H         LINE#         169
  C:04BDH         LINE#         170
  C:04C0H         LINE#         171
  C:04C3H         LINE#         174
  C:04CAH         LINE#         176
  C:04CDH         LINE#         177
  C:04CFH         LINE#         178
  C:04D5H         LINE#         180
  C:04D7H         LINE#         181
  C:04D9H         LINE#         183
  C:04DBH         LINE#         184
  C:04DDH         LINE#         185
  C:04DFH         LINE#         187
  -------         ENDPROC       TD_INIT
  -------         PROC          TD_POLL
  C:0A25H         LINE#         191
  C:0A25H         LINE#         192
  C:0A25H         LINE#         196
  C:0A2CH         LINE#         197
  C:0A2CH         LINE#         198
  C:0A32H         LINE#         199
  C:0A36H         LINE#         200
  C:0A39H         LINE#         201
  C:0A3BH         LINE#         202
  C:0A3DH         LINE#         203
  C:0A3FH         LINE#         204
  C:0A41H         LINE#         205
  C:0A45H         LINE#         206
  C:0A48H         LINE#         207
  C:0A4AH         LINE#         208
  C:0A50H         LINE#         209
  C:0A50H         LINE#         219
  -------         ENDPROC       TD_POLL
  -------         PROC          TD_SUSPEND
  C:04FEH         LINE#         221
  C:04FEH         LINE#         222
BL51 BANKED LINKER/LOCATER V6.22.2.0                                                  06/09/2021  17:25:21  PAGE 17


  C:04FEH         LINE#         223
  C:04FFH         LINE#         224
  -------         ENDPROC       TD_SUSPEND
  -------         PROC          TD_RESUME
  C:05FBH         LINE#         226
  C:05FBH         LINE#         227
  C:05FBH         LINE#         228
  C:05FCH         LINE#         229
  -------         ENDPROC       TD_RESUME
  -------         PROC          DR_GETDESCRIPTOR
  C:05FDH         LINE#         236
  C:05FDH         LINE#         237
  C:05FEH         LINE#         238
  -------         ENDPROC       DR_GETDESCRIPTOR
  -------         PROC          DR_SETCONFIGURATION
  C:0B35H         LINE#         240
  C:0B35H         LINE#         241
  C:0B35H         LINE#         242
  C:0B3BH         LINE#         243
  C:0B3CH         LINE#         244
  -------         ENDPROC       DR_SETCONFIGURATION
  -------         PROC          DR_GETCONFIGURATION
  C:0B11H         LINE#         246
  C:0B11H         LINE#         247
  C:0B11H         LINE#         248
  C:0B17H         LINE#         249
  C:0B1CH         LINE#         250
  C:0B21H         LINE#         251
  C:0B22H         LINE#         252
  -------         ENDPROC       DR_GETCONFIGURATION
  -------         PROC          DR_SETINTERFACE
  C:0B3DH         LINE#         254
  C:0B3DH         LINE#         255
  C:0B3DH         LINE#         256
  C:0B43H         LINE#         257
  C:0B44H         LINE#         258
  -------         ENDPROC       DR_SETINTERFACE
  -------         PROC          DR_GETINTERFACE
  C:0B23H         LINE#         260
  C:0B23H         LINE#         261
  C:0B23H         LINE#         262
  C:0B29H         LINE#         263
  C:0B2EH         LINE#         264
  C:0B33H         LINE#         265
  C:0B34H         LINE#         266
  -------         ENDPROC       DR_GETINTERFACE
  -------         PROC          DR_GETSTATUS
  C:0B45H         LINE#         268
  C:0B45H         LINE#         269
  C:0B46H         LINE#         270
  -------         ENDPROC       DR_GETSTATUS
  -------         PROC          DR_CLEARFEATURE
  C:0B47H         LINE#         272
  C:0B47H         LINE#         273
  C:0B48H         LINE#         274
  -------         ENDPROC       DR_CLEARFEATURE
  -------         PROC          DR_SETFEATURE
BL51 BANKED LINKER/LOCATER V6.22.2.0                                                  06/09/2021  17:25:21  PAGE 18


  C:0B49H         LINE#         276
  C:0B49H         LINE#         277
  C:0B4AH         LINE#         278
  -------         ENDPROC       DR_SETFEATURE
  -------         PROC          DR_VENDORCMND
  C:0B4BH         LINE#         280
  C:0B4BH         LINE#         281
  C:0B4CH         LINE#         282
  -------         ENDPROC       DR_VENDORCMND
  -------         PROC          ISR_SUDAV
  C:04E2H         LINE#         292
  C:04E8H         LINE#         295
  C:04EAH         LINE#         296
  C:04EDH         LINE#         297
  C:04F3H         LINE#         298
  -------         ENDPROC       ISR_SUDAV
  -------         PROC          ISR_SUTOK
  C:0AE5H         LINE#         301
  C:0AEBH         LINE#         303
  C:0AEEH         LINE#         304
  C:0AF4H         LINE#         305
  -------         ENDPROC       ISR_SUTOK
  -------         PROC          ISR_SOF
  C:0AFBH         LINE#         307
  C:0B01H         LINE#         309
  C:0B04H         LINE#         310
  C:0B0AH         LINE#         311
  -------         ENDPROC       ISR_SOF
  -------         PROC          ISR_URES
  C:0951H         LINE#         313
  C:0957H         LINE#         315
  C:095EH         LINE#         316
  C:0964H         LINE#         317
  C:096AH         LINE#         318
  C:096CH         LINE#         319
  C:096CH         LINE#         320
  C:0972H         LINE#         321
  C:0978H         LINE#         322
  C:0978H         LINE#         324
  C:097BH         LINE#         325
  C:0981H         LINE#         326
  -------         ENDPROC       ISR_URES
  -------         PROC          ISR_SUSP
  C:0ACDH         LINE#         328
  C:0AD3H         LINE#         330
  C:0AD5H         LINE#         331
  C:0AD8H         LINE#         332
  C:0ADEH         LINE#         334
  -------         ENDPROC       ISR_SUSP
  -------         PROC          ISR_HIGHSPEED
  C:0988H         LINE#         336
  C:098EH         LINE#         338
  C:0995H         LINE#         339
  C:099BH         LINE#         340
  C:09A1H         LINE#         341
  C:09A3H         LINE#         342
  C:09A3H         LINE#         343
BL51 BANKED LINKER/LOCATER V6.22.2.0                                                  06/09/2021  17:25:21  PAGE 19


  C:09A9H         LINE#         344
  C:09AFH         LINE#         345
  C:09AFH         LINE#         347
  C:09B2H         LINE#         348
  C:09B8H         LINE#         349
  -------         ENDPROC       ISR_HIGHSPEED
  -------         PROC          ISR_EP0ACK
  C:05FFH         LINE#         350
  C:05FFH         LINE#         352
  -------         ENDPROC       ISR_EP0ACK
  -------         PROC          ISR_STUB
  C:0B4DH         LINE#         353
  C:0B4DH         LINE#         355
  -------         ENDPROC       ISR_STUB
  -------         PROC          ISR_EP0IN
  C:0B4EH         LINE#         356
  C:0B4EH         LINE#         358
  -------         ENDPROC       ISR_EP0IN
  -------         PROC          ISR_EP0OUT
  C:0B4FH         LINE#         359
  C:0B4FH         LINE#         363
  -------         ENDPROC       ISR_EP0OUT
  -------         PROC          ISR_EP1IN
  C:0B50H         LINE#         364
  C:0B50H         LINE#         366
  -------         ENDPROC       ISR_EP1IN
  -------         PROC          ISR_EP1OUT
  C:090EH         LINE#         367
  C:0916H         LINE#         369
  C:0919H         LINE#         370
  C:091FH         LINE#         371
  C:0922H         LINE#         373
  C:0928H         LINE#         374
  C:0931H         LINE#         375
  C:0940H         LINE#         376
  C:0948H         LINE#         378
  -------         ENDPROC       ISR_EP1OUT
  -------         PROC          ISR_EP2INOUT
  C:0B51H         LINE#         379
  C:0B51H         LINE#         381
  -------         ENDPROC       ISR_EP2INOUT
  -------         PROC          ISR_EP4INOUT
  C:0B52H         LINE#         382
  C:0B52H         LINE#         385
  -------         ENDPROC       ISR_EP4INOUT
  -------         PROC          ISR_EP6INOUT
  C:0B53H         LINE#         386
  C:0B53H         LINE#         388
  -------         ENDPROC       ISR_EP6INOUT
  -------         PROC          ISR_EP8INOUT
  C:0B54H         LINE#         389
  C:0B54H         LINE#         391
  -------         ENDPROC       ISR_EP8INOUT
  -------         PROC          ISR_IBN
  C:0B55H         LINE#         392
  C:0B55H         LINE#         394
  -------         ENDPROC       ISR_IBN
BL51 BANKED LINKER/LOCATER V6.22.2.0                                                  06/09/2021  17:25:21  PAGE 20


  -------         PROC          ISR_EP0PINGNAK
  C:0B56H         LINE#         395
  C:0B56H         LINE#         397
  -------         ENDPROC       ISR_EP0PINGNAK
  -------         PROC          ISR_EP1PINGNAK
  C:0B57H         LINE#         398
  C:0B57H         LINE#         400
  -------         ENDPROC       ISR_EP1PINGNAK
  -------         PROC          ISR_EP2PINGNAK
  C:0B58H         LINE#         401
  C:0B58H         LINE#         403
  -------         ENDPROC       ISR_EP2PINGNAK
  -------         PROC          ISR_EP4PINGNAK
  C:0B59H         LINE#         404
  C:0B59H         LINE#         406
  -------         ENDPROC       ISR_EP4PINGNAK
  -------         PROC          ISR_EP6PINGNAK
  C:0B5AH         LINE#         407
  C:0B5AH         LINE#         409
  -------         ENDPROC       ISR_EP6PINGNAK
  -------         PROC          ISR_EP8PINGNAK
  C:0B5BH         LINE#         410
  C:0B5BH         LINE#         412
  -------         ENDPROC       ISR_EP8PINGNAK
  -------         PROC          ISR_ERRORLIMIT
  C:0B5CH         LINE#         413
  C:0B5CH         LINE#         415
  -------         ENDPROC       ISR_ERRORLIMIT
  -------         PROC          ISR_EP2PIDERROR
  C:0B5DH         LINE#         416
  C:0B5DH         LINE#         418
  -------         ENDPROC       ISR_EP2PIDERROR
  -------         PROC          ISR_EP4PIDERROR
  C:0B5EH         LINE#         419
  C:0B5EH         LINE#         421
  -------         ENDPROC       ISR_EP4PIDERROR
  -------         PROC          ISR_EP6PIDERROR
  C:0B5FH         LINE#         422
  C:0B5FH         LINE#         424
  -------         ENDPROC       ISR_EP6PIDERROR
  -------         PROC          ISR_EP8PIDERROR
  C:0B60H         LINE#         425
  C:0B60H         LINE#         427
  -------         ENDPROC       ISR_EP8PIDERROR
  -------         PROC          ISR_EP2PFLAG
  C:0B61H         LINE#         428
  C:0B61H         LINE#         430
  -------         ENDPROC       ISR_EP2PFLAG
  -------         PROC          ISR_EP4PFLAG
  C:0B62H         LINE#         431
  C:0B62H         LINE#         433
  -------         ENDPROC       ISR_EP4PFLAG
  -------         PROC          ISR_EP6PFLAG
  C:0B63H         LINE#         434
  C:0B63H         LINE#         436
  -------         ENDPROC       ISR_EP6PFLAG
  -------         PROC          ISR_EP8PFLAG
BL51 BANKED LINKER/LOCATER V6.22.2.0                                                  06/09/2021  17:25:21  PAGE 21


  C:0B64H         LINE#         437
  C:0B64H         LINE#         439
  -------         ENDPROC       ISR_EP8PFLAG
  -------         PROC          ISR_EP2EFLAG
  C:0B65H         LINE#         440
  C:0B65H         LINE#         442
  -------         ENDPROC       ISR_EP2EFLAG
  -------         PROC          ISR_EP4EFLAG
  C:0B66H         LINE#         443
  C:0B66H         LINE#         445
  -------         ENDPROC       ISR_EP4EFLAG
  -------         PROC          ISR_EP6EFLAG
  C:0B67H         LINE#         446
  C:0B67H         LINE#         448
  -------         ENDPROC       ISR_EP6EFLAG
  -------         PROC          ISR_EP8EFLAG
  C:0B68H         LINE#         449
  C:0B68H         LINE#         451
  -------         ENDPROC       ISR_EP8EFLAG
  -------         PROC          ISR_EP2FFLAG
  C:0B69H         LINE#         452
  C:0B69H         LINE#         454
  -------         ENDPROC       ISR_EP2FFLAG
  -------         PROC          ISR_EP4FFLAG
  C:0B6AH         LINE#         455
  C:0B6AH         LINE#         457
  -------         ENDPROC       ISR_EP4FFLAG
  -------         PROC          ISR_EP6FFLAG
  C:0B6BH         LINE#         458
  C:0B6BH         LINE#         460
  -------         ENDPROC       ISR_EP6FFLAG
  -------         PROC          ISR_EP8FFLAG
  C:0B6CH         LINE#         461
  C:0B6CH         LINE#         463
  -------         ENDPROC       ISR_EP8FFLAG
  -------         PROC          ISR_GPIFCOMPLETE
  C:0B6DH         LINE#         464
  C:0B6DH         LINE#         466
  -------         ENDPROC       ISR_GPIFCOMPLETE
  -------         PROC          ISR_GPIFWAVEFORM
  C:0B6EH         LINE#         467
  C:0B6EH         LINE#         469
  -------         ENDPROC       ISR_GPIFWAVEFORM
  -------         ENDMOD        VIRTUAL

  -------         MODULE        USBJMPTBL
  C:0600H         SEGMENT       ?PR?USB_JUMP_TABLE?USBJT
  N:0045H         PUBLIC        USB_INT2AUTOVECTOR
  N:0055H         PUBLIC        USB_INT4AUTOVECTOR
  C:0600H         PUBLIC        USB_JUMP_TABLE
  N:0000H         SYMBOL        USBJMPTBL
  C:0043H         LINE#         49
  C:0053H         LINE#         53
  C:0600H         LINE#         61
  C:0604H         LINE#         63
  C:0608H         LINE#         65
  C:060CH         LINE#         67
BL51 BANKED LINKER/LOCATER V6.22.2.0                                                  06/09/2021  17:25:21  PAGE 22


  C:0610H         LINE#         69
  C:0614H         LINE#         71
  C:0618H         LINE#         73
  C:061CH         LINE#         75
  C:0620H         LINE#         77
  C:0624H         LINE#         79
  C:0628H         LINE#         81
  C:062CH         LINE#         83
  C:0630H         LINE#         85
  C:0634H         LINE#         87
  C:0638H         LINE#         89
  C:063CH         LINE#         91
  C:0640H         LINE#         93
  C:0644H         LINE#         95
  C:0648H         LINE#         97
  C:064CH         LINE#         99
  C:0650H         LINE#         101
  C:0654H         LINE#         103
  C:0658H         LINE#         105
  C:065CH         LINE#         107
  C:0660H         LINE#         109
  C:0664H         LINE#         111
  C:0668H         LINE#         113
  C:066CH         LINE#         115
  C:0670H         LINE#         117
  C:0674H         LINE#         119
  C:0678H         LINE#         121
  C:067CH         LINE#         123
  C:0680H         LINE#         126
  C:0684H         LINE#         128
  C:0688H         LINE#         130
  C:068CH         LINE#         132
  C:0690H         LINE#         134
  C:0694H         LINE#         136
  C:0698H         LINE#         138
  C:069CH         LINE#         140
  C:06A0H         LINE#         142
  C:06A4H         LINE#         144
  C:06A8H         LINE#         146
  C:06ACH         LINE#         148
  C:06B0H         LINE#         150
  C:06B4H         LINE#         152
  -------         ENDMOD        USBJMPTBL

  -------         MODULE        RESUME
  C:0000H         SYMBOL        _ICE_DUMMY_
  C:0A51H         PUBLIC        EZUSB_Resume
  -------         PROC          EZUSB_RESUME
  C:0A51H         LINE#         38
  C:0A51H         LINE#         39
  C:0A51H         LINE#         40
  C:0A67H         LINE#         42
  C:0A67H         LINE#         43
  C:0A6EH         LINE#         44
  C:0A75H         LINE#         45
  C:0A7CH         LINE#         46
  C:0A7CH         LINE#         47
BL51 BANKED LINKER/LOCATER V6.22.2.0                                                  06/09/2021  17:25:21  PAGE 23


  -------         ENDPROC       EZUSB_RESUME
  -------         ENDMOD        RESUME

  -------         MODULE        DISCON
  C:0000H         SYMBOL        _ICE_DUMMY_
  D:0091H         PUBLIC        EXIF
  C:09F6H         PUBLIC        EZUSB_Discon
  -------         PROC          EZUSB_DISCON
  B:0020H.4       SYMBOL        renum
  C:09F6H         LINE#         39
  C:09F6H         LINE#         40
  C:09F6H         LINE#         42
  C:09F9H         LINE#         43
  C:0A02H         LINE#         45
  C:0A09H         LINE#         47
  C:0A10H         LINE#         49
  C:0A16H         LINE#         50
  C:0A1AH         LINE#         51
  C:0A1DH         LINE#         53
  C:0A24H         LINE#         54
  -------         ENDPROC       EZUSB_DISCON
  -------         ENDMOD        DISCON

  -------         MODULE        EZREGS
  C:0000H         SYMBOL        _ICE_DUMMY_
  X:E652H         PUBLIC        EP4FIFOIE
  X:E668H         PUBLIC        INTSETUP
  X:E600H         PUBLIC        CPUCS
  X:E654H         PUBLIC        EP6FIFOIE
  X:E680H         PUBLIC        USBCS
  X:E65FH         PUBLIC        EPIRQ
  X:E656H         PUBLIC        EP8FIFOIE
  X:E6F2H         PUBLIC        XGPIFSGLDATLNOX
  X:E6C0H         PUBLIC        GPIFWFSELECT
  X:E6F0H         PUBLIC        XGPIFSGLDATH
  X:E605H         PUBLIC        BREAKPT
  X:E609H         PUBLIC        FIFOPINPOLAR
  X:E640H         PUBLIC        EP2ISOINPKTS
  X:E678H         PUBLIC        I2CS
  X:E610H         PUBLIC        EP1OUTCFG
  X:E6F9H         PUBLIC        TESTCFG
  X:E641H         PUBLIC        EP4ISOINPKTS
  X:E68AH         PUBLIC        EP0BCH
  X:E661H         PUBLIC        GPIFIRQ
  X:E642H         PUBLIC        EP6ISOINPKTS
  X:E690H         PUBLIC        EP2BCH
  X:E643H         PUBLIC        EP8ISOINPKTS
  X:E694H         PUBLIC        EP4BCH
  X:E68BH         PUBLIC        EP0BCL
  X:E612H         PUBLIC        EP2CFG
  X:E698H         PUBLIC        EP6BCH
  X:E691H         PUBLIC        EP2BCL
  X:E613H         PUBLIC        EP4CFG
  X:E6A7H         PUBLIC        EP2FIFOFLGS
  X:E69CH         PUBLIC        EP8BCH
  X:E695H         PUBLIC        EP4BCL
  X:E628H         PUBLIC        ECCCFG
BL51 BANKED LINKER/LOCATER V6.22.2.0                                                  06/09/2021  17:25:21  PAGE 24


  X:E614H         PUBLIC        EP6CFG
  X:E6A8H         PUBLIC        EP4FIFOFLGS
  X:E699H         PUBLIC        EP6BCL
  X:E780H         PUBLIC        EP1OUTBUF
  X:E67BH         PUBLIC        XAUTODAT1
  X:E615H         PUBLIC        EP8CFG
  X:E6A9H         PUBLIC        EP6FIFOFLGS
  X:E69DH         PUBLIC        EP8BCL
  X:E67CH         PUBLIC        XAUTODAT2
  X:E684H         PUBLIC        USBFRAMEH
  X:E6F5H         PUBLIC        GPIFABORT
  X:E6AAH         PUBLIC        EP8FIFOFLGS
  X:E6F8H         PUBLIC        DBUG
  X:E740H         PUBLIC        EP0BUF
  X:E6CBH         PUBLIC        FLOWSTB
  X:E65EH         PUBLIC        EPIE
  X:E685H         PUBLIC        USBFRAMEL
  X:E681H         PUBLIC        SUSPEND
  X:E60CH         PUBLIC        GPIFHOLDAMOUNT
  X:E6D4H         PUBLIC        EP2GPIFTRIG
  X:E6C7H         PUBLIC        FLOWLOGIC
  X:E6DCH         PUBLIC        EP4GPIFTRIG
  X:E604H         PUBLIC        FIFORESET
  X:E6E4H         PUBLIC        EP6GPIFTRIG
  X:E6C2H         PUBLIC        GPIFIDLECTL
  X:E6FAH         PUBLIC        USBTEST
  X:E6B3H         PUBLIC        SUDPTRH
  X:E6ECH         PUBLIC        EP8GPIFTRIG
  X:E6D2H         PUBLIC        EP2GPIFFLGSEL
  X:E611H         PUBLIC        EP1INCFG
  X:E6B4H         PUBLIC        SUDPTRL
  X:E687H         PUBLIC        FNADDR
  X:E6DAH         PUBLIC        EP4GPIFFLGSEL
  X:E6D1H         PUBLIC        GPIFTCB0
  X:E6CDH         PUBLIC        FLOWSTBHPERIOD
  X:E6D0H         PUBLIC        GPIFTCB1
  X:E665H         PUBLIC        CLRERRCNT
  X:E6E2H         PUBLIC        EP6GPIFFLGSEL
  X:E6CFH         PUBLIC        GPIFTCB2
  X:E664H         PUBLIC        ERRCNTLIM
  X:E6CEH         PUBLIC        GPIFTCB3
  X:E6EAH         PUBLIC        EP8GPIFFLGSEL
  X:E660H         PUBLIC        GPIFIE
  X:E67FH         PUBLIC        UDMACRCQUAL
  X:E400H         PUBLIC        GPIF_WAVE_DATA
  X:E6CCH         PUBLIC        FLOWSTBEDGE
  X:E6ABH         PUBLIC        EP2FIFOBCH
  X:E7C0H         PUBLIC        EP1INBUF
  X:E6C6H         PUBLIC        FLOWSTATE
  X:E6ADH         PUBLIC        EP4FIFOBCH
  X:E6CAH         PUBLIC        FLOWHOLDOFF
  X:E618H         PUBLIC        EP2FIFOCFG
  X:E6AFH         PUBLIC        EP6FIFOBCH
  X:E6ACH         PUBLIC        EP2FIFOBCL
  X:E619H         PUBLIC        EP4FIFOCFG
  X:E6B1H         PUBLIC        EP8FIFOBCH
  X:E6AEH         PUBLIC        EP4FIFOBCL
BL51 BANKED LINKER/LOCATER V6.22.2.0                                                  06/09/2021  17:25:21  PAGE 25


  X:E649H         PUBLIC        OUTPKTEND
  X:E663H         PUBLIC        USBERRIRQ
  X:E61AH         PUBLIC        EP6FIFOCFG
  X:E6B0H         PUBLIC        EP6FIFOBCL
  X:E620H         PUBLIC        EP2AUTOINLENH
  X:E61BH         PUBLIC        EP8FIFOCFG
  X:E6B2H         PUBLIC        EP8FIFOBCL
  X:E68DH         PUBLIC        EP1OUTBC
  X:E622H         PUBLIC        EP4AUTOINLENH
  X:E666H         PUBLIC        INT2IVEC
  X:E659H         PUBLIC        IBNIRQ
  X:E6FBH         PUBLIC        CT1
  X:E6C4H         PUBLIC        GPIFADRH
  X:E65BH         PUBLIC        NAKIRQ
  X:E624H         PUBLIC        EP6AUTOINLENH
  X:E621H         PUBLIC        EP2AUTOINLENL
  X:E601H         PUBLIC        IFCONFIG
  X:E6FCH         PUBLIC        CT2
  X:E6B5H         PUBLIC        SUDPTRCTL
  X:E667H         PUBLIC        INT4IVEC
  X:E6FDH         PUBLIC        CT3
  X:E67DH         PUBLIC        UDMACRCH
  X:E626H         PUBLIC        EP8AUTOINLENH
  X:E623H         PUBLIC        EP4AUTOINLENL
  X:E6FEH         PUBLIC        CT4
  X:F000H         PUBLIC        EP2FIFOBUF
  X:E6C5H         PUBLIC        GPIFADRL
  X:E625H         PUBLIC        EP6AUTOINLENL
  X:E630H         PUBLIC        EP2FIFOPFH
  X:F400H         PUBLIC        EP4FIFOBUF
  X:E67EH         PUBLIC        UDMACRCL
  X:E627H         PUBLIC        EP8AUTOINLENL
  X:E6D3H         PUBLIC        EP2GPIFPFSTOP
  X:E683H         PUBLIC        TOGCTL
  X:E632H         PUBLIC        EP4FIFOPFH
  X:F800H         PUBLIC        EP6FIFOBUF
  X:E629H         PUBLIC        ECCRESET
  X:E6DBH         PUBLIC        EP4GPIFPFSTOP
  X:E634H         PUBLIC        EP6FIFOPFH
  X:E631H         PUBLIC        EP2FIFOPFL
  X:FC00H         PUBLIC        EP8FIFOBUF
  X:E60BH         PUBLIC        REVCTL
  X:E6E3H         PUBLIC        EP6GPIFPFSTOP
  X:E636H         PUBLIC        EP8FIFOPFH
  X:E633H         PUBLIC        EP4FIFOPFL
  X:E608H         PUBLIC        UART230
  X:E480H         PUBLIC        RES_WAVEDATA_END
  X:E6EBH         PUBLIC        EP8GPIFPFSTOP
  X:E679H         PUBLIC        I2DAT
  X:E635H         PUBLIC        EP6FIFOPFL
  X:E6A1H         PUBLIC        EP1OUTCS
  X:E637H         PUBLIC        EP8FIFOPFL
  X:E65DH         PUBLIC        USBIRQ
  X:E670H         PUBLIC        PORTACFG
  X:E671H         PUBLIC        PORTCCFG
  X:E651H         PUBLIC        EP2FIFOIRQ
  X:E602H         PUBLIC        PINFLAGSAB
BL51 BANKED LINKER/LOCATER V6.22.2.0                                                  06/09/2021  17:25:21  PAGE 26


  X:E6A0H         PUBLIC        EP0CS
  X:E6F4H         PUBLIC        GPIFREADYSTAT
  X:E6C3H         PUBLIC        GPIFCTLCFG
  X:E672H         PUBLIC        PORTECFG
  X:E653H         PUBLIC        EP4FIFOIRQ
  X:E6C1H         PUBLIC        GPIFIDLECS
  X:E6A3H         PUBLIC        EP2CS
  X:E50DH         PUBLIC        GPCR2
  X:E67AH         PUBLIC        I2CTL
  X:E655H         PUBLIC        EP6FIFOIRQ
  X:E603H         PUBLIC        PINFLAGSCD
  X:E6A4H         PUBLIC        EP4CS
  X:E648H         PUBLIC        INPKTEND
  X:E657H         PUBLIC        EP8FIFOIRQ
  X:E6A5H         PUBLIC        EP6CS
  X:E6A6H         PUBLIC        EP8CS
  X:E68FH         PUBLIC        EP1INBC
  X:E662H         PUBLIC        USBERRIE
  X:E6C8H         PUBLIC        FLOWEQ0CTL
  X:E6C9H         PUBLIC        FLOWEQ1CTL
  X:E682H         PUBLIC        WAKEUPCS
  X:E6F1H         PUBLIC        XGPIFSGLDATLX
  X:E658H         PUBLIC        IBNIE
  X:E686H         PUBLIC        MICROFRAME
  X:E65AH         PUBLIC        NAKIE
  X:E6B8H         PUBLIC        SETUPDAT
  X:E62AH         PUBLIC        ECC1B0
  X:E62DH         PUBLIC        ECC2B0
  X:E62BH         PUBLIC        ECC1B1
  X:E6F3H         PUBLIC        GPIFREADYCFG
  X:E62EH         PUBLIC        ECC2B1
  X:E62CH         PUBLIC        ECC1B2
  X:E62FH         PUBLIC        ECC2B2
  X:E6A2H         PUBLIC        EP1INCS
  X:E606H         PUBLIC        BPADDRH
  X:E65CH         PUBLIC        USBIE
  X:E60AH         PUBLIC        REVID
  X:E607H         PUBLIC        BPADDRL
  X:E650H         PUBLIC        EP2FIFOIE
  -------         ENDMOD        EZREGS

  -------         MODULE        GET_STRD
  C:0000H         SYMBOL        _ICE_DUMMY_
  C:0A7DH         PUBLIC        _EZUSB_GetStringDscr
  -------         PROC          _EZUSB_GETSTRINGDSCR
  D:0001H         SYMBOL        StrIdx
  -------         DO            
  D:0006H         SYMBOL        dscr
  -------         ENDDO         
  C:0A7DH         LINE#         38
  C:0A7FH         LINE#         39
  C:0A7FH         LINE#         42
  C:0A83H         LINE#         44
  C:0A8DH         LINE#         45
  C:0A8DH         LINE#         46
  C:0A93H         LINE#         47
  C:0A94H         LINE#         48
BL51 BANKED LINKER/LOCATER V6.22.2.0                                                  06/09/2021  17:25:21  PAGE 27


  C:0AA2H         LINE#         49
  C:0AA4H         LINE#         51
  C:0AA7H         LINE#         52
  -------         ENDPROC       _EZUSB_GETSTRINGDSCR
  -------         ENDMOD        GET_STRD

  -------         MODULE        SUSP
  C:0AA8H         SEGMENT       EZUSB
  C:0AA8H         PUBLIC        EZUSB_SUSP
  B:00D0H.6       SYMBOL        AC
  D:00E0H         SYMBOL        ACC
  D:009AH         SYMBOL        APTR1H
  D:009BH         SYMBOL        APTR1L
  D:009AH         SYMBOL        AUTOPTR1H
  D:009BH         SYMBOL        AUTOPTR1L
  D:009AH         SYMBOL        AUTOPTRH1
  D:009DH         SYMBOL        AUTOPTRH2
  D:009BH         SYMBOL        AUTOPTRL1
  D:009EH         SYMBOL        AUTOPTRL2
  D:00AFH         SYMBOL        AUTOPTRSETUP
  D:00F0H         SYMBOL        B
  X:E606H         SYMBOL        BPADDRH
  X:E607H         SYMBOL        BPADDRL
  X:E605H         SYMBOL        BREAKPT
  D:008EH         SYMBOL        CKCON
  X:E665H         SYMBOL        CLRERRCNT
  X:E600H         SYMBOL        CPUCS
  B:00C8H.0       SYMBOL        CP_RL2
  X:E6FBH         SYMBOL        CT1
  X:E6FCH         SYMBOL        CT2
  X:E6FDH         SYMBOL        CT3
  X:E6FEH         SYMBOL        CT4
  B:00D0H.7       SYMBOL        CY
  B:00C8H.1       SYMBOL        C_T2
  X:E6F8H         SYMBOL        DBUG
  D:0083H         SYMBOL        DPH
  D:0085H         SYMBOL        DPH1
  D:0082H         SYMBOL        DPL
  D:0084H         SYMBOL        DPL1
  D:0086H         SYMBOL        DPS
  B:00A8H.7       SYMBOL        EA
  X:E62AH         SYMBOL        ECC1B0
  X:E62BH         SYMBOL        ECC1B1
  X:E62CH         SYMBOL        ECC1B2
  X:E62DH         SYMBOL        ECC2B0
  X:E62EH         SYMBOL        ECC2B1
  X:E62FH         SYMBOL        ECC2B2
  X:E628H         SYMBOL        ECCCFG
  X:E629H         SYMBOL        ECCRESET
  B:00E8H.1       SYMBOL        EI2C
  D:00D8H         SYMBOL        EICON
  D:00E8H         SYMBOL        EIE
  B:00E8H.2       SYMBOL        EIEX4
  B:00E8H.3       SYMBOL        EIEX5
  B:00E8H.4       SYMBOL        EIEX6
  D:00F8H         SYMBOL        EIP
  B:00F8H.2       SYMBOL        EIPX4
BL51 BANKED LINKER/LOCATER V6.22.2.0                                                  06/09/2021  17:25:21  PAGE 28


  B:00F8H.3       SYMBOL        EIPX5
  B:00F8H.4       SYMBOL        EIPX6
  D:00BAH         SYMBOL        EP01STAT
  X:E68AH         SYMBOL        EP0BCH
  X:E68BH         SYMBOL        EP0BCL
  X:E740H         SYMBOL        EP0BUF
  X:E6A0H         SYMBOL        EP0CS
  X:E68FH         SYMBOL        EP1INBC
  X:E7C0H         SYMBOL        EP1INBUF
  X:E611H         SYMBOL        EP1INCFG
  X:E6A2H         SYMBOL        EP1INCS
  X:E68DH         SYMBOL        EP1OUTBC
  X:E780H         SYMBOL        EP1OUTBUF
  X:E610H         SYMBOL        EP1OUTCFG
  X:E6A1H         SYMBOL        EP1OUTCS
  D:00AAH         SYMBOL        EP2468STAT
  D:00ABH         SYMBOL        EP24FIFOFLGS
  X:E620H         SYMBOL        EP2AUTOINLENH
  X:E621H         SYMBOL        EP2AUTOINLENL
  X:E690H         SYMBOL        EP2BCH
  X:E691H         SYMBOL        EP2BCL
  X:E612H         SYMBOL        EP2CFG
  X:E6A3H         SYMBOL        EP2CS
  X:E6ABH         SYMBOL        EP2FIFOBCH
  X:E6ACH         SYMBOL        EP2FIFOBCL
  X:F000H         SYMBOL        EP2FIFOBUF
  X:E618H         SYMBOL        EP2FIFOCFG
  X:E6A7H         SYMBOL        EP2FIFOFLGS
  X:E650H         SYMBOL        EP2FIFOIE
  X:E651H         SYMBOL        EP2FIFOIRQ
  X:E630H         SYMBOL        EP2FIFOPFH
  X:E631H         SYMBOL        EP2FIFOPFL
  X:E6D2H         SYMBOL        EP2GPIFFLGSEL
  X:E6D3H         SYMBOL        EP2GPIFPFSTOP
  X:E6D0H         SYMBOL        EP2GPIFTCH
  X:E6D1H         SYMBOL        EP2GPIFTCL
  X:E6D4H         SYMBOL        EP2GPIFTRIG
  X:E640H         SYMBOL        EP2ISOINPKTS
  X:E622H         SYMBOL        EP4AUTOINLENH
  X:E623H         SYMBOL        EP4AUTOINLENL
  X:E694H         SYMBOL        EP4BCH
  X:E695H         SYMBOL        EP4BCL
  X:E613H         SYMBOL        EP4CFG
  X:E6A4H         SYMBOL        EP4CS
  X:E6ADH         SYMBOL        EP4FIFOBCH
  X:E6AEH         SYMBOL        EP4FIFOBCL
  X:F400H         SYMBOL        EP4FIFOBUF
  X:E619H         SYMBOL        EP4FIFOCFG
  X:E6A8H         SYMBOL        EP4FIFOFLGS
  X:E652H         SYMBOL        EP4FIFOIE
  X:E653H         SYMBOL        EP4FIFOIRQ
  X:E632H         SYMBOL        EP4FIFOPFH
  X:E633H         SYMBOL        EP4FIFOPFL
  X:E6DAH         SYMBOL        EP4GPIFFLGSEL
  X:E6DBH         SYMBOL        EP4GPIFPFSTOP
  X:E6D0H         SYMBOL        EP4GPIFTCH
  X:E6D1H         SYMBOL        EP4GPIFTCL
BL51 BANKED LINKER/LOCATER V6.22.2.0                                                  06/09/2021  17:25:21  PAGE 29


  X:E6DCH         SYMBOL        EP4GPIFTRIG
  X:E641H         SYMBOL        EP4ISOINPKTS
  D:00ACH         SYMBOL        EP68FIFOFLGS
  X:E624H         SYMBOL        EP6AUTOINLENH
  X:E625H         SYMBOL        EP6AUTOINLENL
  X:E698H         SYMBOL        EP6BCH
  X:E699H         SYMBOL        EP6BCL
  X:E614H         SYMBOL        EP6CFG
  X:E6A5H         SYMBOL        EP6CS
  X:E6AFH         SYMBOL        EP6FIFOBCH
  X:E6B0H         SYMBOL        EP6FIFOBCL
  X:F800H         SYMBOL        EP6FIFOBUF
  X:E61AH         SYMBOL        EP6FIFOCFG
  X:E6A9H         SYMBOL        EP6FIFOFLGS
  X:E654H         SYMBOL        EP6FIFOIE
  X:E655H         SYMBOL        EP6FIFOIRQ
  X:E634H         SYMBOL        EP6FIFOPFH
  X:E635H         SYMBOL        EP6FIFOPFL
  X:E6E2H         SYMBOL        EP6GPIFFLGSEL
  X:E6E3H         SYMBOL        EP6GPIFPFSTOP
  X:E6D0H         SYMBOL        EP6GPIFTCH
  X:E6D1H         SYMBOL        EP6GPIFTCL
  X:E6E4H         SYMBOL        EP6GPIFTRIG
  X:E642H         SYMBOL        EP6ISOINPKTS
  X:E626H         SYMBOL        EP8AUTOINLENH
  X:E627H         SYMBOL        EP8AUTOINLENL
  X:E69CH         SYMBOL        EP8BCH
  X:E69DH         SYMBOL        EP8BCL
  X:E615H         SYMBOL        EP8CFG
  X:E6A6H         SYMBOL        EP8CS
  X:E6B1H         SYMBOL        EP8FIFOBCH
  X:E6B2H         SYMBOL        EP8FIFOBCL
  X:FC00H         SYMBOL        EP8FIFOBUF
  X:E61BH         SYMBOL        EP8FIFOCFG
  X:E6AAH         SYMBOL        EP8FIFOFLGS
  X:E656H         SYMBOL        EP8FIFOIE
  X:E657H         SYMBOL        EP8FIFOIRQ
  X:E636H         SYMBOL        EP8FIFOPFH
  X:E637H         SYMBOL        EP8FIFOPFL
  X:E6EAH         SYMBOL        EP8GPIFFLGSEL
  X:E6EBH         SYMBOL        EP8GPIFPFSTOP
  X:E6D0H         SYMBOL        EP8GPIFTCH
  X:E6D1H         SYMBOL        EP8GPIFTCL
  X:E6ECH         SYMBOL        EP8GPIFTRIG
  X:E643H         SYMBOL        EP8ISOINPKTS
  X:E65EH         SYMBOL        EPIE
  X:E65FH         SYMBOL        EPIRQ
  B:00D8H.5       SYMBOL        ERESI
  X:E664H         SYMBOL        ERRCNTLIM
  C:0ABBH         SYMBOL        ER_END
  B:00A8H.4       SYMBOL        ES0
  B:00A8H.6       SYMBOL        ES1
  B:00A8H.1       SYMBOL        ET0
  B:00A8H.3       SYMBOL        ET1
  B:00A8H.5       SYMBOL        ET2
  B:00E8H.0       SYMBOL        EUSB
  B:00A8H.0       SYMBOL        EX0
BL51 BANKED LINKER/LOCATER V6.22.2.0                                                  06/09/2021  17:25:21  PAGE 30


  B:00A8H.2       SYMBOL        EX1
  B:00C8H.3       SYMBOL        EXEN2
  B:00C8H.6       SYMBOL        EXF2
  D:0091H         SYMBOL        EXIF
  X:E67BH         SYMBOL        EXTAUTODAT1
  X:E67CH         SYMBOL        EXTAUTODAT2
  B:00D0H.5       SYMBOL        F0
  X:E609H         SYMBOL        FIFOPINPOLAR
  X:E604H         SYMBOL        FIFORESET
  B:00D0H.1       SYMBOL        FL
  X:E6CCH         SYMBOL        FLOWEDGE
  X:E6C8H         SYMBOL        FLOWEQ0CTL
  X:E6C9H         SYMBOL        FLOWEQ1CTL
  X:E6C7H         SYMBOL        FLOWLOGIC
  X:E6C6H         SYMBOL        FLOWSTATE
  X:E6CBH         SYMBOL        FLOWSTB
  X:E6CDH         SYMBOL        FLOWSTBHPERIOD
  X:E687H         SYMBOL        FNADDR
  X:E509H         SYMBOL        GPCR2
  X:E6F5H         SYMBOL        GPIFABORT
  X:E6C4H         SYMBOL        GPIFADRH
  X:E6C5H         SYMBOL        GPIFADRL
  X:E6C3H         SYMBOL        GPIFCTLCFG
  X:E60CH         SYMBOL        GPIFHOLDAMOUNT
  X:E6C1H         SYMBOL        GPIFIDLECS
  X:E6C2H         SYMBOL        GPIFIDLECTL
  X:E660H         SYMBOL        GPIFIE
  X:E661H         SYMBOL        GPIFIRQ
  X:E6F3H         SYMBOL        GPIFREADYCFG
  X:E6F4H         SYMBOL        GPIFREADYSTAT
  D:00BDH         SYMBOL        GPIFSGLDATH
  D:00BFH         SYMBOL        GPIFSGLDATLNOX
  D:00BEH         SYMBOL        GPIFSGLDATLX
  X:E6D1H         SYMBOL        GPIFTCB0
  X:E6D0H         SYMBOL        GPIFTCB1
  X:E6CFH         SYMBOL        GPIFTCB2
  X:E6CEH         SYMBOL        GPIFTCB3
  D:00BBH         SYMBOL        GPIFTRIG
  X:E6C0H         SYMBOL        GPIFWFSELECT
  X:E400H         SYMBOL        GPIF_WAVE_DATA
  X:E678H         SYMBOL        I2CS
  X:E67AH         SYMBOL        I2CTL
  X:E679H         SYMBOL        I2DAT
  X:E658H         SYMBOL        IBNIE
  X:E659H         SYMBOL        IBNIRQ
  D:00A8H         SYMBOL        IE
  B:0088H.1       SYMBOL        IE0
  B:0088H.3       SYMBOL        IE1
  X:E601H         SYMBOL        IFCONFIG
  X:E648H         SYMBOL        INPKTEND
  D:00A1H         SYMBOL        INT2CLR
  X:E666H         SYMBOL        INT2IVEC
  D:00A2H         SYMBOL        INT4CLR
  X:E667H         SYMBOL        INT4IVEC
  B:00D8H.3       SYMBOL        INT6
  X:E668H         SYMBOL        INTSETUP
  D:0080H         SYMBOL        IOA
BL51 BANKED LINKER/LOCATER V6.22.2.0                                                  06/09/2021  17:25:21  PAGE 31


  D:0090H         SYMBOL        IOB
  D:00A0H         SYMBOL        IOC
  D:00B0H         SYMBOL        IOD
  D:00B1H         SYMBOL        IOE
  D:00B8H         SYMBOL        IP
  B:0088H.0       SYMBOL        IT0
  B:0088H.2       SYMBOL        IT1
  X:E686H         SYMBOL        MICROFRAME
  D:0092H         SYMBOL        MPAGE
  X:E65AH         SYMBOL        NAKIE
  X:E65BH         SYMBOL        NAKIRQ
  D:00B2H         SYMBOL        OEA
  D:00B3H         SYMBOL        OEB
  D:00B4H         SYMBOL        OEC
  D:00B5H         SYMBOL        OED
  D:00B6H         SYMBOL        OEE
  X:E649H         SYMBOL        OUTPKTEND
  B:00D0H.2       SYMBOL        OV
  B:00D0H.0       SYMBOL        P
  B:0080H.0       SYMBOL        PA0
  B:0080H.1       SYMBOL        PA1
  B:0080H.2       SYMBOL        PA2
  B:0080H.3       SYMBOL        PA3
  B:0080H.4       SYMBOL        PA4
  B:0080H.5       SYMBOL        PA5
  B:0080H.6       SYMBOL        PA6
  B:0080H.7       SYMBOL        PA7
  B:0090H.0       SYMBOL        PB0
  B:0090H.1       SYMBOL        PB1
  B:0090H.2       SYMBOL        PB2
  B:0090H.3       SYMBOL        PB3
  B:0090H.4       SYMBOL        PB4
  B:0090H.5       SYMBOL        PB5
  B:0090H.6       SYMBOL        PB6
  B:0090H.7       SYMBOL        PB7
  B:00A0H.0       SYMBOL        PC0
  B:00A0H.1       SYMBOL        PC1
  B:00A0H.2       SYMBOL        PC2
  B:00A0H.3       SYMBOL        PC3
  B:00A0H.4       SYMBOL        PC4
  B:00A0H.5       SYMBOL        PC5
  B:00A0H.6       SYMBOL        PC6
  B:00A0H.7       SYMBOL        PC7
  D:0087H         SYMBOL        PCON
  B:00B0H.0       SYMBOL        PD0
  B:00B0H.1       SYMBOL        PD1
  B:00B0H.2       SYMBOL        PD2
  B:00B0H.3       SYMBOL        PD3
  B:00B0H.4       SYMBOL        PD4
  B:00B0H.5       SYMBOL        PD5
  B:00B0H.6       SYMBOL        PD6
  B:00B0H.7       SYMBOL        PD7
  B:00F8H.1       SYMBOL        PI2C
  X:E602H         SYMBOL        PINFLAGSAB
  X:E603H         SYMBOL        PINFLAGSCD
  X:E670H         SYMBOL        PORTACFG
  X:E671H         SYMBOL        PORTCCFG
BL51 BANKED LINKER/LOCATER V6.22.2.0                                                  06/09/2021  17:25:21  PAGE 32


  X:E672H         SYMBOL        PORTECFG
  B:00B8H.4       SYMBOL        PS0
  B:00B8H.6       SYMBOL        PS1
  D:00D0H         SYMBOL        PSW
  B:00B8H.1       SYMBOL        PT0
  B:00B8H.3       SYMBOL        PT1
  B:00B8H.5       SYMBOL        PT2
  B:00F8H.0       SYMBOL        PUSB
  B:00B8H.0       SYMBOL        PX0
  B:00B8H.2       SYMBOL        PX1
  B:0098H.2       SYMBOL        RB8
  B:00C0H.2       SYMBOL        RB81
  D:00CBH         SYMBOL        RCAP2H
  D:00CAH         SYMBOL        RCAP2L
  B:00C8H.5       SYMBOL        RCLK
  B:0098H.4       SYMBOL        REN
  B:00C0H.4       SYMBOL        REN1
  B:00D8H.4       SYMBOL        RESI
  X:E480H         SYMBOL        RES_WAVEDATA_END
  X:E60BH         SYMBOL        REVCTL
  X:E60AH         SYMBOL        REVID
  B:0098H.0       SYMBOL        RI
  B:00C0H.0       SYMBOL        RI1
  B:00D0H.3       SYMBOL        RS0
  B:00D0H.4       SYMBOL        RS1
  D:0099H         SYMBOL        SBUF0
  D:00C1H         SYMBOL        SBUF1
  D:0098H         SYMBOL        SCON0
  D:00C0H         SYMBOL        SCON1
  X:E6B8H         SYMBOL        SETUPDAT
  B:0098H.7       SYMBOL        SM0
  B:00C0H.7       SYMBOL        SM01
  B:0098H.6       SYMBOL        SM1
[...]
  B:00C8H.4       SYMBOL        TCLK
  D:0088H         SYMBOL        TCON
  X:E6F9H         SYMBOL        TESTCFG
  B:0088H.5       SYMBOL        TF0
  B:0088H.7       SYMBOL        TF1
  B:00C8H.7       SYMBOL        TF2
  D:008CH         SYMBOL        TH0
  D:008DH         SYMBOL        TH1
  D:00CDH         SYMBOL        TH2
  B:0098H.1       SYMBOL        TI
  B:00C0H.1       SYMBOL        TI1
BL51 BANKED LINKER/LOCATER V6.22.2.0                                                  06/09/2021  17:25:21  PAGE 33


  D:008AH         SYMBOL        TL0
  D:008BH         SYMBOL        TL1
  D:00CCH         SYMBOL        TL2
  D:0089H         SYMBOL        TMOD
  X:E683H         SYMBOL        TOGCTL
  B:0088H.4       SYMBOL        TR0
  B:0088H.6       SYMBOL        TR1
  B:00C8H.2       SYMBOL        TR2
  X:E608H         SYMBOL        UART230
  X:E67DH         SYMBOL        UDMACRCH
  X:E67EH         SYMBOL        UDMACRCL
  X:E67FH         SYMBOL        UDMACRCQUAL
  X:E680H         SYMBOL        USBCS
  X:E662H         SYMBOL        USBERRIE
  X:E663H         SYMBOL        USBERRIRQ
  X:E684H         SYMBOL        USBFRAMEH
  X:E685H         SYMBOL        USBFRAMEL
  X:E65CH         SYMBOL        USBIE
  X:E65DH         SYMBOL        USBIRQ
  X:E6FAH         SYMBOL        USBTEST
  X:E682H         SYMBOL        WAKEUPCS
  X:E6F0H         SYMBOL        XGPIFSGLDATH
  X:E6F2H         SYMBOL        XGPIFSGLDATLNOX
  X:E6F1H         SYMBOL        XGPIFSGLDATLX
  C:0AA8H         LINE#         22
  C:0AABH         LINE#         23
  C:0AACH         LINE#         24
  C:0AAEH         LINE#         25
  C:0AAFH         LINE#         27
  C:0AB2H         LINE#         28
  C:0AB3H         LINE#         30
  C:0AB6H         LINE#         32
  C:0AB7H         LINE#         33
  C:0AB8H         LINE#         34
  C:0AB9H         LINE#         35
  C:0ABAH         LINE#         36
  C:0ABBH         LINE#         37
  -------         ENDMOD        SUSP

  -------         MODULE        DELAY
  C:0000H         SYMBOL        _ICE_DUMMY_
  C:08C8H         PUBLIC        _EZUSB_Delay
  -------         PROC          _EZUSB_DELAY
  D:0018H         SYMBOL        ms
  C:08C8H         LINE#         39
  C:08CCH         LINE#         40
  C:08CCH         LINE#         46
  C:08D4H         LINE#         47
  C:08E6H         LINE#         48
  C:08F0H         LINE#         49
  C:08FBH         LINE#         51
  C:0908H         LINE#         52
  C:090DH         LINE#         53
  -------         ENDPROC       _EZUSB_DELAY
  -------         ENDMOD        DELAY

  -------         MODULE        DELAY1MS
BL51 BANKED LINKER/LOCATER V6.22.2.0                                                  06/09/2021  17:25:21  PAGE 34


  C:0AA8H         SEGMENT       EZUSB
  C:0ABCH         PUBLIC        EZUSB_DELAY1MS
  B:00D0H.6       SYMBOL        AC
  D:00E0H         SYMBOL        ACC
  D:009AH         SYMBOL        APTR1H
  D:009BH         SYMBOL        APTR1L
  D:009AH         SYMBOL        AUTOPTR1H
  D:009BH         SYMBOL        AUTOPTR1L
  D:009AH         SYMBOL        AUTOPTRH1
  D:009DH         SYMBOL        AUTOPTRH2
  D:009BH         SYMBOL        AUTOPTRL1
  D:009EH         SYMBOL        AUTOPTRL2
  D:00AFH         SYMBOL        AUTOPTRSETUP
  D:00F0H         SYMBOL        B
  X:E606H         SYMBOL        BPADDRH
  X:E607H         SYMBOL        BPADDRL
  X:E605H         SYMBOL        BREAKPT
  D:008EH         SYMBOL        CKCON
  X:E665H         SYMBOL        CLRERRCNT
  X:E600H         SYMBOL        CPUCS
  B:00C8H.0       SYMBOL        CP_RL2
  X:E6FBH         SYMBOL        CT1
  X:E6FCH         SYMBOL        CT2
  X:E6FDH         SYMBOL        CT3
  X:E6FEH         SYMBOL        CT4
  B:00D0H.7       SYMBOL        CY
  B:00C8H.1       SYMBOL        C_T2
  X:E6F8H         SYMBOL        DBUG
  N:0000H         SYMBOL        DELAY1MS
  D:0083H         SYMBOL        DPH
  D:0085H         SYMBOL        DPH1
  D:0082H         SYMBOL        DPL
  D:0084H         SYMBOL        DPL1
  D:0086H         SYMBOL        DPS
  B:00A8H.7       SYMBOL        EA
  X:E62AH         SYMBOL        ECC1B0
  X:E62BH         SYMBOL        ECC1B1
  X:E62CH         SYMBOL        ECC1B2
  X:E62DH         SYMBOL        ECC2B0
  X:E62EH         SYMBOL        ECC2B1
  X:E62FH         SYMBOL        ECC2B2
  X:E628H         SYMBOL        ECCCFG
  X:E629H         SYMBOL        ECCRESET
  B:00E8H.1       SYMBOL        EI2C
  D:00D8H         SYMBOL        EICON
  D:00E8H         SYMBOL        EIE
  B:00E8H.2       SYMBOL        EIEX4
  B:00E8H.3       SYMBOL        EIEX5
  B:00E8H.4       SYMBOL        EIEX6
  D:00F8H         SYMBOL        EIP
  B:00F8H.2       SYMBOL        EIPX4
  B:00F8H.3       SYMBOL        EIPX5
  B:00F8H.4       SYMBOL        EIPX6
  D:00BAH         SYMBOL        EP01STAT
  X:E68AH         SYMBOL        EP0BCH
  X:E68BH         SYMBOL        EP0BCL
  X:E740H         SYMBOL        EP0BUF
BL51 BANKED LINKER/LOCATER V6.22.2.0                                                  06/09/2021  17:25:21  PAGE 35


  X:E6A0H         SYMBOL        EP0CS
  X:E68FH         SYMBOL        EP1INBC
  X:E7C0H         SYMBOL        EP1INBUF
  X:E611H         SYMBOL        EP1INCFG
  X:E6A2H         SYMBOL        EP1INCS
  X:E68DH         SYMBOL        EP1OUTBC
  X:E780H         SYMBOL        EP1OUTBUF
  X:E610H         SYMBOL        EP1OUTCFG
  X:E6A1H         SYMBOL        EP1OUTCS
  D:00AAH         SYMBOL        EP2468STAT
  D:00ABH         SYMBOL        EP24FIFOFLGS
  X:E620H         SYMBOL        EP2AUTOINLENH
  X:E621H         SYMBOL        EP2AUTOINLENL
  X:E690H         SYMBOL        EP2BCH
  X:E691H         SYMBOL        EP2BCL
  X:E612H         SYMBOL        EP2CFG
  X:E6A3H         SYMBOL        EP2CS
  X:E6ABH         SYMBOL        EP2FIFOBCH
  X:E6ACH         SYMBOL        EP2FIFOBCL
  X:F000H         SYMBOL        EP2FIFOBUF
  X:E618H         SYMBOL        EP2FIFOCFG
  X:E6A7H         SYMBOL        EP2FIFOFLGS
  X:E650H         SYMBOL        EP2FIFOIE
  X:E651H         SYMBOL        EP2FIFOIRQ
  X:E630H         SYMBOL        EP2FIFOPFH
  X:E631H         SYMBOL        EP2FIFOPFL
  X:E6D2H         SYMBOL        EP2GPIFFLGSEL
  X:E6D3H         SYMBOL        EP2GPIFPFSTOP
  X:E6D0H         SYMBOL        EP2GPIFTCH
  X:E6D1H         SYMBOL        EP2GPIFTCL
  X:E6D4H         SYMBOL        EP2GPIFTRIG
  X:E640H         SYMBOL        EP2ISOINPKTS
  X:E622H         SYMBOL        EP4AUTOINLENH
  X:E623H         SYMBOL        EP4AUTOINLENL
  X:E694H         SYMBOL        EP4BCH
  X:E695H         SYMBOL        EP4BCL
  X:E613H         SYMBOL        EP4CFG
  X:E6A4H         SYMBOL        EP4CS
  X:E6ADH         SYMBOL        EP4FIFOBCH
  X:E6AEH         SYMBOL        EP4FIFOBCL
  X:F400H         SYMBOL        EP4FIFOBUF
  X:E619H         SYMBOL        EP4FIFOCFG
  X:E6A8H         SYMBOL        EP4FIFOFLGS
  X:E652H         SYMBOL        EP4FIFOIE
  X:E653H         SYMBOL        EP4FIFOIRQ
  X:E632H         SYMBOL        EP4FIFOPFH
  X:E633H         SYMBOL        EP4FIFOPFL
  X:E6DAH         SYMBOL        EP4GPIFFLGSEL
  X:E6DBH         SYMBOL        EP4GPIFPFSTOP
  X:E6D0H         SYMBOL        EP4GPIFTCH
  X:E6D1H         SYMBOL        EP4GPIFTCL
  X:E6DCH         SYMBOL        EP4GPIFTRIG
  X:E641H         SYMBOL        EP4ISOINPKTS
  D:00ACH         SYMBOL        EP68FIFOFLGS
  X:E624H         SYMBOL        EP6AUTOINLENH
  X:E625H         SYMBOL        EP6AUTOINLENL
  X:E698H         SYMBOL        EP6BCH
BL51 BANKED LINKER/LOCATER V6.22.2.0                                                  06/09/2021  17:25:21  PAGE 36


  X:E699H         SYMBOL        EP6BCL
  X:E614H         SYMBOL        EP6CFG
  X:E6A5H         SYMBOL        EP6CS
  X:E6AFH         SYMBOL        EP6FIFOBCH
  X:E6B0H         SYMBOL        EP6FIFOBCL
  X:F800H         SYMBOL        EP6FIFOBUF
  X:E61AH         SYMBOL        EP6FIFOCFG
  X:E6A9H         SYMBOL        EP6FIFOFLGS
  X:E654H         SYMBOL        EP6FIFOIE
  X:E655H         SYMBOL        EP6FIFOIRQ
  X:E634H         SYMBOL        EP6FIFOPFH
  X:E635H         SYMBOL        EP6FIFOPFL
  X:E6E2H         SYMBOL        EP6GPIFFLGSEL
  X:E6E3H         SYMBOL        EP6GPIFPFSTOP
  X:E6D0H         SYMBOL        EP6GPIFTCH
  X:E6D1H         SYMBOL        EP6GPIFTCL
  X:E6E4H         SYMBOL        EP6GPIFTRIG
  X:E642H         SYMBOL        EP6ISOINPKTS
  X:E626H         SYMBOL        EP8AUTOINLENH
  X:E627H         SYMBOL        EP8AUTOINLENL
  X:E69CH         SYMBOL        EP8BCH
  X:E69DH         SYMBOL        EP8BCL
  X:E615H         SYMBOL        EP8CFG
  X:E6A6H         SYMBOL        EP8CS
  X:E6B1H         SYMBOL        EP8FIFOBCH
  X:E6B2H         SYMBOL        EP8FIFOBCL
  X:FC00H         SYMBOL        EP8FIFOBUF
  X:E61BH         SYMBOL        EP8FIFOCFG
  X:E6AAH         SYMBOL        EP8FIFOFLGS
  X:E656H         SYMBOL        EP8FIFOIE
  X:E657H         SYMBOL        EP8FIFOIRQ
  X:E636H         SYMBOL        EP8FIFOPFH
  X:E637H         SYMBOL        EP8FIFOPFL
  X:E6EAH         SYMBOL        EP8GPIFFLGSEL
  X:E6EBH         SYMBOL        EP8GPIFPFSTOP
  X:E6D0H         SYMBOL        EP8GPIFTCH
  X:E6D1H         SYMBOL        EP8GPIFTCL
  X:E6ECH         SYMBOL        EP8GPIFTRIG
  X:E643H         SYMBOL        EP8ISOINPKTS
  X:E65EH         SYMBOL        EPIE
  X:E65FH         SYMBOL        EPIRQ
  B:00D8H.5       SYMBOL        ERESI
  X:E664H         SYMBOL        ERRCNTLIM
  C:0ACCH         SYMBOL        ER_END
  B:00A8H.4       SYMBOL        ES0
  B:00A8H.6       SYMBOL        ES1
  B:00A8H.1       SYMBOL        ET0
  B:00A8H.3       SYMBOL        ET1
  B:00A8H.5       SYMBOL        ET2
  B:00E8H.0       SYMBOL        EUSB
  B:00A8H.0       SYMBOL        EX0
  B:00A8H.2       SYMBOL        EX1
  B:00C8H.3       SYMBOL        EXEN2
  B:00C8H.6       SYMBOL        EXF2
  D:0091H         SYMBOL        EXIF
  X:E67BH         SYMBOL        EXTAUTODAT1
  X:E67CH         SYMBOL        EXTAUTODAT2
BL51 BANKED LINKER/LOCATER V6.22.2.0                                                  06/09/2021  17:25:21  PAGE 37


  B:00D0H.5       SYMBOL        F0
  X:E609H         SYMBOL        FIFOPINPOLAR
  X:E604H         SYMBOL        FIFORESET
  B:00D0H.1       SYMBOL        FL
  X:E6CCH         SYMBOL        FLOWEDGE
  X:E6C8H         SYMBOL        FLOWEQ0CTL
  X:E6C9H         SYMBOL        FLOWEQ1CTL
  X:E6C7H         SYMBOL        FLOWLOGIC
  X:E6C6H         SYMBOL        FLOWSTATE
  X:E6CBH         SYMBOL        FLOWSTB
  X:E6CDH         SYMBOL        FLOWSTBHPERIOD
  X:E687H         SYMBOL        FNADDR
  X:E509H         SYMBOL        GPCR2
  X:E6F5H         SYMBOL        GPIFABORT
  X:E6C4H         SYMBOL        GPIFADRH
  X:E6C5H         SYMBOL        GPIFADRL
  X:E6C3H         SYMBOL        GPIFCTLCFG
  X:E60CH         SYMBOL        GPIFHOLDAMOUNT
  X:E6C1H         SYMBOL        GPIFIDLECS
  X:E6C2H         SYMBOL        GPIFIDLECTL
  X:E660H         SYMBOL        GPIFIE
  X:E661H         SYMBOL        GPIFIRQ
  X:E6F3H         SYMBOL        GPIFREADYCFG
  X:E6F4H         SYMBOL        GPIFREADYSTAT
  D:00BDH         SYMBOL        GPIFSGLDATH
  D:00BFH         SYMBOL        GPIFSGLDATLNOX
  D:00BEH         SYMBOL        GPIFSGLDATLX
  X:E6D1H         SYMBOL        GPIFTCB0
  X:E6D0H         SYMBOL        GPIFTCB1
  X:E6CFH         SYMBOL        GPIFTCB2
  X:E6CEH         SYMBOL        GPIFTCB3
  D:00BBH         SYMBOL        GPIFTRIG
  X:E6C0H         SYMBOL        GPIFWFSELECT
  X:E400H         SYMBOL        GPIF_WAVE_DATA
  X:E678H         SYMBOL        I2CS
  X:E67AH         SYMBOL        I2CTL
  X:E679H         SYMBOL        I2DAT
  X:E658H         SYMBOL        IBNIE
  X:E659H         SYMBOL        IBNIRQ
  D:00A8H         SYMBOL        IE
  B:0088H.1       SYMBOL        IE0
  B:0088H.3       SYMBOL        IE1
  X:E601H         SYMBOL        IFCONFIG
  X:E648H         SYMBOL        INPKTEND
  D:00A1H         SYMBOL        INT2CLR
  X:E666H         SYMBOL        INT2IVEC
  D:00A2H         SYMBOL        INT4CLR
  X:E667H         SYMBOL        INT4IVEC
  B:00D8H.3       SYMBOL        INT6
  X:E668H         SYMBOL        INTSETUP
  D:0080H         SYMBOL        IOA
  D:0090H         SYMBOL        IOB
  D:00A0H         SYMBOL        IOC
  D:00B0H         SYMBOL        IOD
  D:00B1H         SYMBOL        IOE
  D:00B8H         SYMBOL        IP
  B:0088H.0       SYMBOL        IT0
BL51 BANKED LINKER/LOCATER V6.22.2.0                                                  06/09/2021  17:25:21  PAGE 38


  B:0088H.2       SYMBOL        IT1
  C:0AC5H         SYMBOL        LOOP
  X:E686H         SYMBOL        MICROFRAME
  D:0092H         SYMBOL        MPAGE
  X:E65AH         SYMBOL        NAKIE
  X:E65BH         SYMBOL        NAKIRQ
  D:00B2H         SYMBOL        OEA
  D:00B3H         SYMBOL        OEB
  D:00B4H         SYMBOL        OEC
  D:00B5H         SYMBOL        OED
  D:00B6H         SYMBOL        OEE
  X:E649H         SYMBOL        OUTPKTEND
  B:00D0H.2       SYMBOL        OV
  B:00D0H.0       SYMBOL        P
  B:0080H.0       SYMBOL        PA0
  B:0080H.1       SYMBOL        PA1
  B:0080H.2       SYMBOL        PA2
  B:0080H.3       SYMBOL        PA3
  B:0080H.4       SYMBOL        PA4
  B:0080H.5       SYMBOL        PA5
  B:0080H.6       SYMBOL        PA6
  B:0080H.7       SYMBOL        PA7
  B:0090H.0       SYMBOL        PB0
  B:0090H.1       SYMBOL        PB1
  B:0090H.2       SYMBOL        PB2
  B:0090H.3       SYMBOL        PB3
  B:0090H.4       SYMBOL        PB4
  B:0090H.5       SYMBOL        PB5
  B:0090H.6       SYMBOL        PB6
  B:0090H.7       SYMBOL        PB7
  B:00A0H.0       SYMBOL        PC0
  B:00A0H.1       SYMBOL        PC1
  B:00A0H.2       SYMBOL        PC2
  B:00A0H.3       SYMBOL        PC3
  B:00A0H.4       SYMBOL        PC4
  B:00A0H.5       SYMBOL        PC5
  B:00A0H.6       SYMBOL        PC6
  B:00A0H.7       SYMBOL        PC7
  D:0087H         SYMBOL        PCON
  B:00B0H.0       SYMBOL        PD0
  B:00B0H.1       SYMBOL        PD1
  B:00B0H.2       SYMBOL        PD2
  B:00B0H.3       SYMBOL        PD3
  B:00B0H.4       SYMBOL        PD4
  B:00B0H.5       SYMBOL        PD5
  B:00B0H.6       SYMBOL        PD6
  B:00B0H.7       SYMBOL        PD7
  B:00F8H.1       SYMBOL        PI2C
  X:E602H         SYMBOL        PINFLAGSAB
  X:E603H         SYMBOL        PINFLAGSCD
  X:E670H         SYMBOL        PORTACFG
  X:E671H         SYMBOL        PORTCCFG
  X:E672H         SYMBOL        PORTECFG
  B:00B8H.4       SYMBOL        PS0
  B:00B8H.6       SYMBOL        PS1
  D:00D0H         SYMBOL        PSW
  B:00B8H.1       SYMBOL        PT0
BL51 BANKED LINKER/LOCATER V6.22.2.0                                                  06/09/2021  17:25:21  PAGE 39


  B:00B8H.3       SYMBOL        PT1
  B:00B8H.5       SYMBOL        PT2
  B:00F8H.0       SYMBOL        PUSB
  B:00B8H.0       SYMBOL        PX0
  B:00B8H.2       SYMBOL        PX1
  B:0098H.2       SYMBOL        RB8
  B:00C0H.2       SYMBOL        RB81
  D:00CBH         SYMBOL        RCAP2H
  D:00CAH         SYMBOL        RCAP2L
  B:00C8H.5       SYMBOL        RCLK
  B:0098H.4       SYMBOL        REN
  B:00C0H.4       SYMBOL        REN1
  B:00D8H.4       SYMBOL        RESI
  X:E480H         SYMBOL        RES_WAVEDATA_END
  X:E60BH         SYMBOL        REVCTL
  X:E60AH         SYMBOL        REVID
  B:0098H.0       SYMBOL        RI
  B:00C0H.0       SYMBOL        RI1
  B:00D0H.3       SYMBOL        RS0
  B:00D0H.4       SYMBOL        RS1
  D:0099H         SYMBOL        SBUF0
  D:00C1H         SYMBOL        SBUF1
  D:0098H         SYMBOL        SCON0
  D:00C0H         SYMBOL        SCON1
  X:E6B8H         SYMBOL        SETUPDAT
  B:0098H.7       SYMBOL        SM0
  B:00C0H.7       SYMBOL        SM01
  B:0098H.6       SYMBOL        SM1
  B:00C0H.6       SYMBOL        SM11
  B:0098H.5       SYMBOL        SM2
  B:00C0H.5       SYMBOL        SM21
  B:00D8H.7       SYMBOL        SMOD1
  D:0081H         SYMBOL        SP
  X:E6B5H         SYMBOL        SUDPTRCTL
  X:E6B3H         SYMBOL        SUDPTRH
  X:E6B4H         SYMBOL        SUDPTRL
  X:E681H         SYMBOL        SUSPEND
  D:00C8H         SYMBOL        T2CON
  B:0098H.3       SYMBOL        TB8
  B:00C0H.3       SYMBOL        TB81
  B:00C8H.4       SYMBOL        TCLK
  D:0088H         SYMBOL        TCON
  X:E6F9H         SYMBOL        TESTCFG
  B:0088H.5       SYMBOL        TF0
  B:0088H.7       SYMBOL        TF1
  B:00C8H.7       SYMBOL        TF2
  D:008CH         SYMBOL        TH0
  D:008DH         SYMBOL        TH1
  D:00CDH         SYMBOL        TH2
  B:0098H.1       SYMBOL        TI
  B:00C0H.1       SYMBOL        TI1
  D:008AH         SYMBOL        TL0
  D:008BH         SYMBOL        TL1
  D:00CCH         SYMBOL        TL2
  D:0089H         SYMBOL        TMOD
  X:E683H         SYMBOL        TOGCTL
  B:0088H.4       SYMBOL        TR0
BL51 BANKED LINKER/LOCATER V6.22.2.0                                                  06/09/2021  17:25:21  PAGE 40


  B:0088H.6       SYMBOL        TR1
  B:00C8H.2       SYMBOL        TR2
  X:E608H         SYMBOL        UART230
  X:E67DH         SYMBOL        UDMACRCH
  X:E67EH         SYMBOL        UDMACRCL
  X:E67FH         SYMBOL        UDMACRCQUAL
  X:E680H         SYMBOL        USBCS
  X:E662H         SYMBOL        USBERRIE
  X:E663H         SYMBOL        USBERRIRQ
  X:E684H         SYMBOL        USBFRAMEH
  X:E685H         SYMBOL        USBFRAMEL
  X:E65CH         SYMBOL        USBIE
  X:E65DH         SYMBOL        USBIRQ
  X:E6FAH         SYMBOL        USBTEST
  X:E682H         SYMBOL        WAKEUPCS
  X:E6F0H         SYMBOL        XGPIFSGLDATH
  X:E6F2H         SYMBOL        XGPIFSGLDATLNOX
  X:E6F1H         SYMBOL        XGPIFSGLDATLX
  C:0ABCH         LINE#         48
  C:0ABEH         LINE#         49
  C:0AC0H         LINE#         50
  C:0AC3H         LINE#         51
  C:0AC5H         LINE#         53
  C:0AC6H         LINE#         54
  C:0AC8H         LINE#         55
  C:0ACAH         LINE#         56
  C:0ACCH         LINE#         58
  -------         ENDMOD        DELAY1MS

  -------         MODULE        DSCR
  C:0500H         SEGMENT       DSCR
  C:0500H         PUBLIC        DEVICEDSCR
  C:0512H         PUBLIC        DEVICEQUALDSCR
  C:055FH         PUBLIC        FULLSPEEDCONFIGDSCR
  C:051CH         PUBLIC        HIGHSPEEDCONFIGDSCR
  C:05A2H         PUBLIC        STRINGDSCR
  C:05EEH         PUBLIC        USERDSCR
  N:0002H         SYMBOL        DSCR_CONFIG
  N:0009H         SYMBOL        DSCR_CONFIG_LEN
  N:0001H         SYMBOL        DSCR_DEVICE
  N:0012H         SYMBOL        DSCR_DEVICE_LEN
  N:0006H         SYMBOL        DSCR_DEVQUAL
  N:000AH         SYMBOL        DSCR_DEVQUAL_LEN
  N:0005H         SYMBOL        DSCR_ENDPNT
  N:0007H         SYMBOL        DSCR_ENDPNT_LEN
  N:0004H         SYMBOL        DSCR_INTRFC
  N:0009H         SYMBOL        DSCR_INTRFC_LEN
  N:0003H         SYMBOL        DSCR_STRING
  N:0002H         SYMBOL        ET_BULK
  N:0000H         SYMBOL        ET_CONTROL
  N:0003H         SYMBOL        ET_INT
  N:0001H         SYMBOL        ET_ISO
  C:05A2H         SYMBOL        FULLSPEEDCONFIGDSCREND
  C:055FH         SYMBOL        HIGHSPEEDCONFIGDSCREND
  C:05A2H         SYMBOL        STRINGDSCR0
  C:05A6H         SYMBOL        STRINGDSCR0END
  C:05A6H         SYMBOL        STRINGDSCR1
BL51 BANKED LINKER/LOCATER V6.22.2.0                                                  06/09/2021  17:25:21  PAGE 41


  C:05B6H         SYMBOL        STRINGDSCR1END
  C:05B6H         SYMBOL        STRINGDSCR2
  C:05EEH         SYMBOL        STRINGDSCR2END
  -------         ENDMOD        DSCR

  -------         MODULE        ?C?ULCMP
  C:09BFH         PUBLIC        ?C?ULCMP
  -------         ENDMOD        ?C?ULCMP

  -------         MODULE        ?C?CCASE
  C:09D0H         PUBLIC        ?C?CCASE
  -------         ENDMOD        ?C?CCASE

Program Size: data=63.5 xdata=4486 code=2814
LINK/LOCATE RUN COMPLETE.  0 WARNING(S),  0 ERROR(S)
